16:20:54 **** ビルド of configuration Debug for project Launcher ****
make -j8 all 
Building file: ../startup/startup_stm32.s
Building file: ../src/mySources/motor.cpp
Building file: ../src/main.cpp
Building file: ../src/syscalls.c
Invoking: MCU GCC Assembler
Invoking: MCU G++ Compiler
Building file: ../src/system_stm32f4xx.c
Invoking: MCU G++ Compiler
Invoking: MCU GCC Compiler
D:\Git\2019g\2019g_Launcher\Launcher\Debug
Invoking: MCU GCC Compiler
D:\Git\2019g\2019g_Launcher\Launcher\Debug
Building file: ../StdPeriph_Driver/src/misc.c
arm-none-eabi-g++ -mcpu=cortex-m4 -mthumb -mfloat-abi=hard -mfpu=fpv4-sp-d16 -DSTM32 -DSTM32F4 -DSTM32F405RGTx -DDEBUG -DSTM32F40XX -DSTM32F40_41xxx -DUSE_STDPERIPH_DRIVER -I"D:/Git/2019g/2019g_Launcher/Launcher/StdPeriph_Driver/inc" -I"D:/Git/2019g/2019g_Launcher/Launcher/inc" -I"D:/Git/2019g/2019g_Launcher/Launcher/CMSIS/device" -I"D:/Git/2019g/2019g_Launcher/Launcher/CMSIS/core" -I"D:/Git/2019g/2019g_Launcher/Launcher/inc/myHeaders" -O0 -g3 -Wall -fmessage-length=0 -ffunction-sections -c -fno-exceptions -fno-rtti -MMD -MP -MF"src/mySources/motor.d" -MT"src/mySources/motor.o" -o "src/mySources/motor.o" "../src/mySources/motor.cpp"
Building file: ../StdPeriph_Driver/src/stm32f4xx_adc.c
D:\Git\2019g\2019g_Launcher\Launcher\Debug
D:\Git\2019g\2019g_Launcher\Launcher\Debug
Building file: ../StdPeriph_Driver/src/stm32f4xx_can.c
arm-none-eabi-as -mcpu=cortex-m4 -mthumb -mfloat-abi=hard -mfpu=fpv4-sp-d16 -I"D:/Git/2019g/2019g_Launcher/Launcher/StdPeriph_Driver/inc" -I"D:/Git/2019g/2019g_Launcher/Launcher/inc" -I"D:/Git/2019g/2019g_Launcher/Launcher/CMSIS/device" -I"D:/Git/2019g/2019g_Launcher/Launcher/CMSIS/core" -g -o "startup/startup_stm32.o" "../startup/startup_stm32.s"
arm-none-eabi-gcc -mcpu=cortex-m4 -mthumb -mfloat-abi=hard -mfpu=fpv4-sp-d16 -DSTM32 -DSTM32F4 -DSTM32F405RGTx -DDEBUG -DSTM32F40XX -DSTM32F40_41xxx -DUSE_STDPERIPH_DRIVER -I"D:/Git/2019g/2019g_Launcher/Launcher/StdPeriph_Driver/inc" -I"D:/Git/2019g/2019g_Launcher/Launcher/inc" -I"D:/Git/2019g/2019g_Launcher/Launcher/CMSIS/device" -I"D:/Git/2019g/2019g_Launcher/Launcher/CMSIS/core" -O0 -g3 -Wall -fmessage-length=0 -ffunction-sections -c -MMD -MP -MF"src/syscalls.d" -MT"src/syscalls.o" -o "src/syscalls.o" "../src/syscalls.c"
D:\Git\2019g\2019g_Launcher\Launcher\Debug
arm-none-eabi-g++ -mcpu=cortex-m4 -mthumb -mfloat-abi=hard -mfpu=fpv4-sp-d16 -DSTM32 -DSTM32F4 -DSTM32F405RGTx -DDEBUG -DSTM32F40XX -DSTM32F40_41xxx -DUSE_STDPERIPH_DRIVER -I"D:/Git/2019g/2019g_Launcher/Launcher/StdPeriph_Driver/inc" -I"D:/Git/2019g/2019g_Launcher/Launcher/inc" -I"D:/Git/2019g/2019g_Launcher/Launcher/CMSIS/device" -I"D:/Git/2019g/2019g_Launcher/Launcher/CMSIS/core" -I"D:/Git/2019g/2019g_Launcher/Launcher/inc/myHeaders" -O0 -g3 -Wall -fmessage-length=0 -ffunction-sections -c -fno-exceptions -fno-rtti -MMD -MP -MF"src/main.d" -MT"src/main.o" -o "src/main.o" "../src/main.cpp"
Invoking: MCU GCC Compiler
Invoking: MCU GCC Compiler
arm-none-eabi-gcc -mcpu=cortex-m4 -mthumb -mfloat-abi=hard -mfpu=fpv4-sp-d16 -DSTM32 -DSTM32F4 -DSTM32F405RGTx -DDEBUG -DSTM32F40XX -DSTM32F40_41xxx -DUSE_STDPERIPH_DRIVER -I"D:/Git/2019g/2019g_Launcher/Launcher/StdPeriph_Driver/inc" -I"D:/Git/2019g/2019g_Launcher/Launcher/inc" -I"D:/Git/2019g/2019g_Launcher/Launcher/CMSIS/device" -I"D:/Git/2019g/2019g_Launcher/Launcher/CMSIS/core" -O0 -g3 -Wall -fmessage-length=0 -ffunction-sections -c -MMD -MP -MF"src/system_stm32f4xx.d" -MT"src/system_stm32f4xx.o" -o "src/system_stm32f4xx.o" "../src/system_stm32f4xx.c"
Invoking: MCU GCC Compiler
D:\Git\2019g\2019g_Launcher\Launcher\Debug
D:\Git\2019g\2019g_Launcher\Launcher\Debug
arm-none-eabi-gcc -mcpu=cortex-m4 -mthumb -mfloat-abi=hard -mfpu=fpv4-sp-d16 -DSTM32 -DSTM32F4 -DSTM32F405RGTx -DDEBUG -DSTM32F40XX -DSTM32F40_41xxx -DUSE_STDPERIPH_DRIVER -I"D:/Git/2019g/2019g_Launcher/Launcher/StdPeriph_Driver/inc" -I"D:/Git/2019g/2019g_Launcher/Launcher/inc" -I"D:/Git/2019g/2019g_Launcher/Launcher/CMSIS/device" -I"D:/Git/2019g/2019g_Launcher/Launcher/CMSIS/core" -O0 -g3 -Wall -fmessage-length=0 -ffunction-sections -c -MMD -MP -MF"StdPeriph_Driver/src/stm32f4xx_adc.d" -MT"StdPeriph_Driver/src/stm32f4xx_adc.o" -o "StdPeriph_Driver/src/stm32f4xx_adc.o" "../StdPeriph_Driver/src/stm32f4xx_adc.c"
arm-none-eabi-gcc -mcpu=cortex-m4 -mthumb -mfloat-abi=hard -mfpu=fpv4-sp-d16 -DSTM32 -DSTM32F4 -DSTM32F405RGTx -DDEBUG -DSTM32F40XX -DSTM32F40_41xxx -DUSE_STDPERIPH_DRIVER -I"D:/Git/2019g/2019g_Launcher/Launcher/StdPeriph_Driver/inc" -I"D:/Git/2019g/2019g_Launcher/Launcher/inc" -I"D:/Git/2019g/2019g_Launcher/Launcher/CMSIS/device" -I"D:/Git/2019g/2019g_Launcher/Launcher/CMSIS/core" -O0 -g3 -Wall -fmessage-length=0 -ffunction-sections -c -MMD -MP -MF"StdPeriph_Driver/src/misc.d" -MT"StdPeriph_Driver/src/misc.o" -o "StdPeriph_Driver/src/misc.o" "../StdPeriph_Driver/src/misc.c"
D:\Git\2019g\2019g_Launcher\Launcher\Debug
arm-none-eabi-gcc -mcpu=cortex-m4 -mthumb -mfloat-abi=hard -mfpu=fpv4-sp-d16 -DSTM32 -DSTM32F4 -DSTM32F405RGTx -DDEBUG -DSTM32F40XX -DSTM32F40_41xxx -DUSE_STDPERIPH_DRIVER -I"D:/Git/2019g/2019g_Launcher/Launcher/StdPeriph_Driver/inc" -I"D:/Git/2019g/2019g_Launcher/Launcher/inc" -I"D:/Git/2019g/2019g_Launcher/Launcher/CMSIS/device" -I"D:/Git/2019g/2019g_Launcher/Launcher/CMSIS/core" -O0 -g3 -Wall -fmessage-length=0 -ffunction-sections -c -MMD -MP -MF"StdPeriph_Driver/src/stm32f4xx_can.d" -MT"StdPeriph_Driver/src/stm32f4xx_can.o" -o "StdPeriph_Driver/src/stm32f4xx_can.o" "../StdPeriph_Driver/src/stm32f4xx_can.c"
In file included from D:/Git/2019g/2019g_Launcher/Launcher/inc/myHeaders/motor.h:11:0,
                 from ../src/mySources/motor.cpp:1:
D:/Git/2019g/2019g_Launcher/Launcher/CMSIS/device/stm32f4xx.h:108:0: warning: "STM32F40_41xxx" redefined
   #define STM32F40_41xxx
 
<command-line>:0:0: note: this is the location of the previous definition
In file included from ../src/main.cpp:12:0:
D:/Git/2019g/2019g_Launcher/Launcher/CMSIS/device/stm32f4xx.h:108:0: warning: "STM32F40_41xxx" redefined
   #define STM32F40_41xxx
 
<command-line>:0:0: note: this is the location of the previous definition
In file included from ../src/system_stm32f4xx.c:317:0:
D:/Git/2019g/2019g_Launcher/Launcher/CMSIS/device/stm32f4xx.h:108:0: warning: "STM32F40_41xxx" redefined
   #define STM32F40_41xxx
 
<command-line>:0:0: note: this is the location of the previous definition
In file included from D:/Git/2019g/2019g_Launcher/Launcher/StdPeriph_Driver/inc/stm32f4xx_adc.h:38:0,
                 from ../StdPeriph_Driver/src/stm32f4xx_adc.c:106:
D:/Git/2019g/2019g_Launcher/Launcher/CMSIS/device/stm32f4xx.h:108:0: warning: "STM32F40_41xxx" redefined
   #define STM32F40_41xxx
 
<command-line>:0:0: note: this is the location of the previous definition
In file included from D:/Git/2019g/2019g_Launcher/Launcher/StdPeriph_Driver/inc/misc.h:38:0,
                 from ../StdPeriph_Driver/src/misc.c:76:
D:/Git/2019g/2019g_Launcher/Launcher/CMSIS/device/stm32f4xx.h:108:0: warning: "STM32F40_41xxx" redefined
   #define STM32F40_41xxx
 
<command-line>:0:0: note: this is the location of the previous definition
../src/system_stm32f4xx.c: In function 'SetSysClock':
../src/system_stm32f4xx.c:760:5: warning: this 'while' clause does not guard... [-Wmisleading-indentation]
     while ((RCC->CFGR & (uint32_t)RCC_CFGR_SWS ) != RCC_CFGR_SWS_PLL);
     ^~~~~
../src/system_stm32f4xx.c:761:5: note: ...this statement, but the latter is misleadingly indented as if it were guarded by the 'while'
     {
     ^
In file included from D:/Git/2019g/2019g_Launcher/Launcher/StdPeriph_Driver/inc/stm32f4xx_can.h:38:0,
                 from ../StdPeriph_Driver/src/stm32f4xx_can.c:84:
D:/Git/2019g/2019g_Launcher/Launcher/CMSIS/device/stm32f4xx.h:108:0: warning: "STM32F40_41xxx" redefined
   #define STM32F40_41xxx
 
<command-line>:0:0: note: this is the location of the previous definition
In file included from ../src/mySources/motor.cpp:1:0:
D:/Git/2019g/2019g_Launcher/Launcher/inc/myHeaders/motor.h: In member function 'void motorControl::setDriveMode(motorControl::driveMode) const':
D:/Git/2019g/2019g_Launcher/Launcher/inc/myHeaders/motor.h:21:69: error: assignment of member 'motorControl::nowDriveMode' in read-only object
  inline void setDriveMode(driveMode setMode) const { nowDriveMode = setMode; }
                                                                     ^~~~~~~
../src/mySources/motor.cpp: At global scope:
../src/mySources/motor.cpp:23:61: error: non-member function 'constexpr uint16_t prescara(uint16_t, uint16_t)' cannot have cv-qualifier
 constexpr uint16_t prescara(const uint16_t, const uint16_t) const
                                                             ^~~~~
../src/mySources/motor.cpp: In function 'constexpr uint16_t prescara(uint16_t, uint16_t)':
../src/mySources/motor.cpp:26:1: warning: no return statement in function returning non-void [-Wreturn-type]
 }
 ^
Finished building: ../startup/startup_stm32.s
 
src/mySources/subdir.mk:18: recipe for target 'src/mySources/motor.o' failed
make: *** [src/mySources/motor.o] Error 1
make: *** Waiting for unfinished jobs....
Finished building: ../src/syscalls.c
Finished building: ../src/system_stm32f4xx.c
 
Finished building: ../src/main.cpp
Finished building: ../StdPeriph_Driver/src/stm32f4xx_adc.c
Finished building: ../StdPeriph_Driver/src/misc.c
Finished building: ../StdPeriph_Driver/src/stm32f4xx_can.c
 
 
 
 
 
16:21:00 **** インクリメンタル・ビルド of configuration Debug for project Launcher ****
make -j8 all 
Building file: ../src/mySources/motor.cpp
Building file: ../StdPeriph_Driver/src/stm32f4xx_cec.c
Invoking: MCU G++ Compiler
Building file: ../StdPeriph_Driver/src/stm32f4xx_crc.c
Building file: ../StdPeriph_Driver/src/stm32f4xx_cryp.c
Invoking: MCU GCC Compiler
D:\Git\2019g\2019g_Launcher\Launcher\Debug
Invoking: MCU GCC Compiler
arm-none-eabi-g++ -mcpu=cortex-m4 -mthumb -mfloat-abi=hard -mfpu=fpv4-sp-d16 -DSTM32 -DSTM32F4 -DSTM32F405RGTx -DDEBUG -DSTM32F40XX -DSTM32F40_41xxx -DUSE_STDPERIPH_DRIVER -I"D:/Git/2019g/2019g_Launcher/Launcher/StdPeriph_Driver/inc" -I"D:/Git/2019g/2019g_Launcher/Launcher/inc" -I"D:/Git/2019g/2019g_Launcher/Launcher/CMSIS/device" -I"D:/Git/2019g/2019g_Launcher/Launcher/CMSIS/core" -I"D:/Git/2019g/2019g_Launcher/Launcher/inc/myHeaders" -O0 -g3 -Wall -fmessage-length=0 -ffunction-sections -c -fno-exceptions -fno-rtti -MMD -MP -MF"src/mySources/motor.d" -MT"src/mySources/motor.o" -o "src/mySources/motor.o" "../src/mySources/motor.cpp"
Building file: ../StdPeriph_Driver/src/stm32f4xx_cryp_aes.c
Invoking: MCU GCC Compiler
D:\Git\2019g\2019g_Launcher\Launcher\Debug
arm-none-eabi-gcc -mcpu=cortex-m4 -mthumb -mfloat-abi=hard -mfpu=fpv4-sp-d16 -DSTM32 -DSTM32F4 -DSTM32F405RGTx -DDEBUG -DSTM32F40XX -DSTM32F40_41xxx -DUSE_STDPERIPH_DRIVER -I"D:/Git/2019g/2019g_Launcher/Launcher/StdPeriph_Driver/inc" -I"D:/Git/2019g/2019g_Launcher/Launcher/inc" -I"D:/Git/2019g/2019g_Launcher/Launcher/CMSIS/device" -I"D:/Git/2019g/2019g_Launcher/Launcher/CMSIS/core" -O0 -g3 -Wall -fmessage-length=0 -ffunction-sections -c -MMD -MP -MF"StdPeriph_Driver/src/stm32f4xx_cec.d" -MT"StdPeriph_Driver/src/stm32f4xx_cec.o" -o "StdPeriph_Driver/src/stm32f4xx_cec.o" "../StdPeriph_Driver/src/stm32f4xx_cec.c"
D:\Git\2019g\2019g_Launcher\Launcher\Debug
Invoking: MCU GCC Compiler
arm-none-eabi-gcc -mcpu=cortex-m4 -mthumb -mfloat-abi=hard -mfpu=fpv4-sp-d16 -DSTM32 -DSTM32F4 -DSTM32F405RGTx -DDEBUG -DSTM32F40XX -DSTM32F40_41xxx -DUSE_STDPERIPH_DRIVER -I"D:/Git/2019g/2019g_Launcher/Launcher/StdPeriph_Driver/inc" -I"D:/Git/2019g/2019g_Launcher/Launcher/inc" -I"D:/Git/2019g/2019g_Launcher/Launcher/CMSIS/device" -I"D:/Git/2019g/2019g_Launcher/Launcher/CMSIS/core" -O0 -g3 -Wall -fmessage-length=0 -ffunction-sections -c -MMD -MP -MF"StdPeriph_Driver/src/stm32f4xx_crc.d" -MT"StdPeriph_Driver/src/stm32f4xx_crc.o" -o "StdPeriph_Driver/src/stm32f4xx_crc.o" "../StdPeriph_Driver/src/stm32f4xx_crc.c"
D:\Git\2019g\2019g_Launcher\Launcher\Debug
Building file: ../StdPeriph_Driver/src/stm32f4xx_cryp_des.c
arm-none-eabi-gcc -mcpu=cortex-m4 -mthumb -mfloat-abi=hard -mfpu=fpv4-sp-d16 -DSTM32 -DSTM32F4 -DSTM32F405RGTx -DDEBUG -DSTM32F40XX -DSTM32F40_41xxx -DUSE_STDPERIPH_DRIVER -I"D:/Git/2019g/2019g_Launcher/Launcher/StdPeriph_Driver/inc" -I"D:/Git/2019g/2019g_Launcher/Launcher/inc" -I"D:/Git/2019g/2019g_Launcher/Launcher/CMSIS/device" -I"D:/Git/2019g/2019g_Launcher/Launcher/CMSIS/core" -O0 -g3 -Wall -fmessage-length=0 -ffunction-sections -c -MMD -MP -MF"StdPeriph_Driver/src/stm32f4xx_cryp.d" -MT"StdPeriph_Driver/src/stm32f4xx_cryp.o" -o "StdPeriph_Driver/src/stm32f4xx_cryp.o" "../StdPeriph_Driver/src/stm32f4xx_cryp.c"
D:\Git\2019g\2019g_Launcher\Launcher\Debug
Invoking: MCU GCC Compiler
arm-none-eabi-gcc -mcpu=cortex-m4 -mthumb -mfloat-abi=hard -mfpu=fpv4-sp-d16 -DSTM32 -DSTM32F4 -DSTM32F405RGTx -DDEBUG -DSTM32F40XX -DSTM32F40_41xxx -DUSE_STDPERIPH_DRIVER -I"D:/Git/2019g/2019g_Launcher/Launcher/StdPeriph_Driver/inc" -I"D:/Git/2019g/2019g_Launcher/Launcher/inc" -I"D:/Git/2019g/2019g_Launcher/Launcher/CMSIS/device" -I"D:/Git/2019g/2019g_Launcher/Launcher/CMSIS/core" -O0 -g3 -Wall -fmessage-length=0 -ffunction-sections -c -MMD -MP -MF"StdPeriph_Driver/src/stm32f4xx_cryp_aes.d" -MT"StdPeriph_Driver/src/stm32f4xx_cryp_aes.o" -o "StdPeriph_Driver/src/stm32f4xx_cryp_aes.o" "../StdPeriph_Driver/src/stm32f4xx_cryp_aes.c"
Building file: ../StdPeriph_Driver/src/stm32f4xx_cryp_tdes.c
Building file: ../StdPeriph_Driver/src/stm32f4xx_dac.c
D:\Git\2019g\2019g_Launcher\Launcher\Debug
Invoking: MCU GCC Compiler
arm-none-eabi-gcc -mcpu=cortex-m4 -mthumb -mfloat-abi=hard -mfpu=fpv4-sp-d16 -DSTM32 -DSTM32F4 -DSTM32F405RGTx -DDEBUG -DSTM32F40XX -DSTM32F40_41xxx -DUSE_STDPERIPH_DRIVER -I"D:/Git/2019g/2019g_Launcher/Launcher/StdPeriph_Driver/inc" -I"D:/Git/2019g/2019g_Launcher/Launcher/inc" -I"D:/Git/2019g/2019g_Launcher/Launcher/CMSIS/device" -I"D:/Git/2019g/2019g_Launcher/Launcher/CMSIS/core" -O0 -g3 -Wall -fmessage-length=0 -ffunction-sections -c -MMD -MP -MF"StdPeriph_Driver/src/stm32f4xx_cryp_des.d" -MT"StdPeriph_Driver/src/stm32f4xx_cryp_des.o" -o "StdPeriph_Driver/src/stm32f4xx_cryp_des.o" "../StdPeriph_Driver/src/stm32f4xx_cryp_des.c"
Invoking: MCU GCC Compiler
D:\Git\2019g\2019g_Launcher\Launcher\Debug
arm-none-eabi-gcc -mcpu=cortex-m4 -mthumb -mfloat-abi=hard -mfpu=fpv4-sp-d16 -DSTM32 -DSTM32F4 -DSTM32F405RGTx -DDEBUG -DSTM32F40XX -DSTM32F40_41xxx -DUSE_STDPERIPH_DRIVER -I"D:/Git/2019g/2019g_Launcher/Launcher/StdPeriph_Driver/inc" -I"D:/Git/2019g/2019g_Launcher/Launcher/inc" -I"D:/Git/2019g/2019g_Launcher/Launcher/CMSIS/device" -I"D:/Git/2019g/2019g_Launcher/Launcher/CMSIS/core" -O0 -g3 -Wall -fmessage-length=0 -ffunction-sections -c -MMD -MP -MF"StdPeriph_Driver/src/stm32f4xx_cryp_tdes.d" -MT"StdPeriph_Driver/src/stm32f4xx_cryp_tdes.o" -o "StdPeriph_Driver/src/stm32f4xx_cryp_tdes.o" "../StdPeriph_Driver/src/stm32f4xx_cryp_tdes.c"
D:\Git\2019g\2019g_Launcher\Launcher\Debug
arm-none-eabi-gcc -mcpu=cortex-m4 -mthumb -mfloat-abi=hard -mfpu=fpv4-sp-d16 -DSTM32 -DSTM32F4 -DSTM32F405RGTx -DDEBUG -DSTM32F40XX -DSTM32F40_41xxx -DUSE_STDPERIPH_DRIVER -I"D:/Git/2019g/2019g_Launcher/Launcher/StdPeriph_Driver/inc" -I"D:/Git/2019g/2019g_Launcher/Launcher/inc" -I"D:/Git/2019g/2019g_Launcher/Launcher/CMSIS/device" -I"D:/Git/2019g/2019g_Launcher/Launcher/CMSIS/core" -O0 -g3 -Wall -fmessage-length=0 -ffunction-sections -c -MMD -MP -MF"StdPeriph_Driver/src/stm32f4xx_dac.d" -MT"StdPeriph_Driver/src/stm32f4xx_dac.o" -o "StdPeriph_Driver/src/stm32f4xx_dac.o" "../StdPeriph_Driver/src/stm32f4xx_dac.c"
In file included from D:/Git/2019g/2019g_Launcher/Launcher/inc/myHeaders/motor.h:11:0,
                 from ../src/mySources/motor.cpp:1:
D:/Git/2019g/2019g_Launcher/Launcher/CMSIS/device/stm32f4xx.h:108:0: warning: "STM32F40_41xxx" redefined
   #define STM32F40_41xxx
 
<command-line>:0:0: note: this is the location of the previous definition
In file included from D:/Git/2019g/2019g_Launcher/Launcher/StdPeriph_Driver/inc/stm32f4xx_cec.h:38:0,
                 from ../StdPeriph_Driver/src/stm32f4xx_cec.c:93:
D:/Git/2019g/2019g_Launcher/Launcher/CMSIS/device/stm32f4xx.h:108:0: warning: "STM32F40_41xxx" redefined
   #define STM32F40_41xxx
 
<command-line>:0:0: note: this is the location of the previous definition
In file included from D:/Git/2019g/2019g_Launcher/Launcher/StdPeriph_Driver/inc/stm32f4xx_crc.h:38:0,
                 from ../StdPeriph_Driver/src/stm32f4xx_crc.c:29:
D:/Git/2019g/2019g_Launcher/Launcher/CMSIS/device/stm32f4xx.h:108:0: warning: "STM32F40_41xxx" redefined
   #define STM32F40_41xxx
 
<command-line>:0:0: note: this is the location of the previous definition
In file included from D:/Git/2019g/2019g_Launcher/Launcher/StdPeriph_Driver/inc/stm32f4xx_cryp.h:38:0,
                 from ../StdPeriph_Driver/src/stm32f4xx_cryp.c:164:
D:/Git/2019g/2019g_Launcher/Launcher/CMSIS/device/stm32f4xx.h:108:0: warning: "STM32F40_41xxx" redefined
   #define STM32F40_41xxx
 
<command-line>:0:0: note: this is the location of the previous definition
In file included from D:/Git/2019g/2019g_Launcher/Launcher/StdPeriph_Driver/inc/stm32f4xx_cryp.h:38:0,
                 from ../StdPeriph_Driver/src/stm32f4xx_cryp_aes.c:55:
D:/Git/2019g/2019g_Launcher/Launcher/CMSIS/device/stm32f4xx.h:108:0: warning: "STM32F40_41xxx" redefined
   #define STM32F40_41xxx
 
<command-line>:0:0: note: this is the location of the previous definition
In file included from D:/Git/2019g/2019g_Launcher/Launcher/StdPeriph_Driver/inc/stm32f4xx_cryp.h:38:0,
                 from ../StdPeriph_Driver/src/stm32f4xx_cryp_des.c:48:
D:/Git/2019g/2019g_Launcher/Launcher/CMSIS/device/stm32f4xx.h:108:0: warning: "STM32F40_41xxx" redefined
   #define STM32F40_41xxx
 
<command-line>:0:0: note: this is the location of the previous definition
In file included from ../src/mySources/motor.cpp:1:0:
D:/Git/2019g/2019g_Launcher/Launcher/inc/myHeaders/motor.h: In member function 'void motorControl::setDriveMode(motorControl::driveMode) const':
D:/Git/2019g/2019g_Launcher/Launcher/inc/myHeaders/motor.h:21:69: error: assignment of member 'motorControl::nowDriveMode' in read-only object
  inline void setDriveMode(driveMode setMode) const { nowDriveMode = setMode; }
                                                                     ^~~~~~~
../src/mySources/motor.cpp: In member function 'constexpr uint16_t motorControl::prescara(uint16_t, uint16_t) const':
../src/mySources/motor.cpp:26:1: warning: no return statement in function returning non-void [-Wreturn-type]
 }
 ^
In file included from D:/Git/2019g/2019g_Launcher/Launcher/StdPeriph_Driver/inc/stm32f4xx_cryp.h:38:0,
                 from ../StdPeriph_Driver/src/stm32f4xx_cryp_tdes.c:48:
D:/Git/2019g/2019g_Launcher/Launcher/CMSIS/device/stm32f4xx.h:108:0: warning: "STM32F40_41xxx" redefined
   #define STM32F40_41xxx
 
<command-line>:0:0: note: this is the location of the previous definition
src/mySources/subdir.mk:18: recipe for target 'src/mySources/motor.o' failed
make: *** [src/mySources/motor.o] Error 1
make: *** Waiting for unfinished jobs....
In file included from D:/Git/2019g/2019g_Launcher/Launcher/StdPeriph_Driver/inc/stm32f4xx_dac.h:38:0,
                 from ../StdPeriph_Driver/src/stm32f4xx_dac.c:131:
D:/Git/2019g/2019g_Launcher/Launcher/CMSIS/device/stm32f4xx.h:108:0: warning: "STM32F40_41xxx" redefined
   #define STM32F40_41xxx
 
<command-line>:0:0: note: this is the location of the previous definition
Finished building: ../StdPeriph_Driver/src/stm32f4xx_cec.c
 
Finished building: ../StdPeriph_Driver/src/stm32f4xx_crc.c
 
Finished building: ../StdPeriph_Driver/src/stm32f4xx_cryp.c
Finished building: ../StdPeriph_Driver/src/stm32f4xx_cryp_des.c
 
 
Finished building: ../StdPeriph_Driver/src/stm32f4xx_cryp_tdes.c
 
Finished building: ../StdPeriph_Driver/src/stm32f4xx_dac.c
Finished building: ../StdPeriph_Driver/src/stm32f4xx_cryp_aes.c
 
 
16:21:29 **** インクリメンタル・ビルド of configuration Debug for project Launcher ****
make -j8 all 
Building file: ../src/mySources/motor.cpp
Invoking: MCU G++ Compiler
Building file: ../StdPeriph_Driver/src/stm32f4xx_dbgmcu.c
Building file: ../StdPeriph_Driver/src/stm32f4xx_dcmi.c
Building file: ../StdPeriph_Driver/src/stm32f4xx_dfsdm.c
D:\Git\2019g\2019g_Launcher\Launcher\Debug
Invoking: MCU GCC Compiler
arm-none-eabi-g++ -mcpu=cortex-m4 -mthumb -mfloat-abi=hard -mfpu=fpv4-sp-d16 -DSTM32 -DSTM32F4 -DSTM32F405RGTx -DDEBUG -DSTM32F40XX -DSTM32F40_41xxx -DUSE_STDPERIPH_DRIVER -I"D:/Git/2019g/2019g_Launcher/Launcher/StdPeriph_Driver/inc" -I"D:/Git/2019g/2019g_Launcher/Launcher/inc" -I"D:/Git/2019g/2019g_Launcher/Launcher/CMSIS/device" -I"D:/Git/2019g/2019g_Launcher/Launcher/CMSIS/core" -I"D:/Git/2019g/2019g_Launcher/Launcher/inc/myHeaders" -O0 -g3 -Wall -fmessage-length=0 -ffunction-sections -c -fno-exceptions -fno-rtti -MMD -MP -MF"src/mySources/motor.d" -MT"src/mySources/motor.o" -o "src/mySources/motor.o" "../src/mySources/motor.cpp"
Building file: ../StdPeriph_Driver/src/stm32f4xx_dma.c
Invoking: MCU GCC Compiler
Invoking: MCU GCC Compiler
D:\Git\2019g\2019g_Launcher\Launcher\Debug
D:\Git\2019g\2019g_Launcher\Launcher\Debug
Invoking: MCU GCC Compiler
arm-none-eabi-gcc -mcpu=cortex-m4 -mthumb -mfloat-abi=hard -mfpu=fpv4-sp-d16 -DSTM32 -DSTM32F4 -DSTM32F405RGTx -DDEBUG -DSTM32F40XX -DSTM32F40_41xxx -DUSE_STDPERIPH_DRIVER -I"D:/Git/2019g/2019g_Launcher/Launcher/StdPeriph_Driver/inc" -I"D:/Git/2019g/2019g_Launcher/Launcher/inc" -I"D:/Git/2019g/2019g_Launcher/Launcher/CMSIS/device" -I"D:/Git/2019g/2019g_Launcher/Launcher/CMSIS/core" -O0 -g3 -Wall -fmessage-length=0 -ffunction-sections -c -MMD -MP -MF"StdPeriph_Driver/src/stm32f4xx_dbgmcu.d" -MT"StdPeriph_Driver/src/stm32f4xx_dbgmcu.o" -o "StdPeriph_Driver/src/stm32f4xx_dbgmcu.o" "../StdPeriph_Driver/src/stm32f4xx_dbgmcu.c"
D:\Git\2019g\2019g_Launcher\Launcher\Debug
Building file: ../StdPeriph_Driver/src/stm32f4xx_dma2d.c
arm-none-eabi-gcc -mcpu=cortex-m4 -mthumb -mfloat-abi=hard -mfpu=fpv4-sp-d16 -DSTM32 -DSTM32F4 -DSTM32F405RGTx -DDEBUG -DSTM32F40XX -DSTM32F40_41xxx -DUSE_STDPERIPH_DRIVER -I"D:/Git/2019g/2019g_Launcher/Launcher/StdPeriph_Driver/inc" -I"D:/Git/2019g/2019g_Launcher/Launcher/inc" -I"D:/Git/2019g/2019g_Launcher/Launcher/CMSIS/device" -I"D:/Git/2019g/2019g_Launcher/Launcher/CMSIS/core" -O0 -g3 -Wall -fmessage-length=0 -ffunction-sections -c -MMD -MP -MF"StdPeriph_Driver/src/stm32f4xx_dcmi.d" -MT"StdPeriph_Driver/src/stm32f4xx_dcmi.o" -o "StdPeriph_Driver/src/stm32f4xx_dcmi.o" "../StdPeriph_Driver/src/stm32f4xx_dcmi.c"
arm-none-eabi-gcc -mcpu=cortex-m4 -mthumb -mfloat-abi=hard -mfpu=fpv4-sp-d16 -DSTM32 -DSTM32F4 -DSTM32F405RGTx -DDEBUG -DSTM32F40XX -DSTM32F40_41xxx -DUSE_STDPERIPH_DRIVER -I"D:/Git/2019g/2019g_Launcher/Launcher/StdPeriph_Driver/inc" -I"D:/Git/2019g/2019g_Launcher/Launcher/inc" -I"D:/Git/2019g/2019g_Launcher/Launcher/CMSIS/device" -I"D:/Git/2019g/2019g_Launcher/Launcher/CMSIS/core" -O0 -g3 -Wall -fmessage-length=0 -ffunction-sections -c -MMD -MP -MF"StdPeriph_Driver/src/stm32f4xx_dfsdm.d" -MT"StdPeriph_Driver/src/stm32f4xx_dfsdm.o" -o "StdPeriph_Driver/src/stm32f4xx_dfsdm.o" "../StdPeriph_Driver/src/stm32f4xx_dfsdm.c"
Building file: ../StdPeriph_Driver/src/stm32f4xx_dsi.c
Building file: ../StdPeriph_Driver/src/stm32f4xx_exti.c
D:\Git\2019g\2019g_Launcher\Launcher\Debug
Invoking: MCU GCC Compiler
arm-none-eabi-gcc -mcpu=cortex-m4 -mthumb -mfloat-abi=hard -mfpu=fpv4-sp-d16 -DSTM32 -DSTM32F4 -DSTM32F405RGTx -DDEBUG -DSTM32F40XX -DSTM32F40_41xxx -DUSE_STDPERIPH_DRIVER -I"D:/Git/2019g/2019g_Launcher/Launcher/StdPeriph_Driver/inc" -I"D:/Git/2019g/2019g_Launcher/Launcher/inc" -I"D:/Git/2019g/2019g_Launcher/Launcher/CMSIS/device" -I"D:/Git/2019g/2019g_Launcher/Launcher/CMSIS/core" -O0 -g3 -Wall -fmessage-length=0 -ffunction-sections -c -MMD -MP -MF"StdPeriph_Driver/src/stm32f4xx_dma.d" -MT"StdPeriph_Driver/src/stm32f4xx_dma.o" -o "StdPeriph_Driver/src/stm32f4xx_dma.o" "../StdPeriph_Driver/src/stm32f4xx_dma.c"
Invoking: MCU GCC Compiler
Invoking: MCU GCC Compiler
D:\Git\2019g\2019g_Launcher\Launcher\Debug
arm-none-eabi-gcc -mcpu=cortex-m4 -mthumb -mfloat-abi=hard -mfpu=fpv4-sp-d16 -DSTM32 -DSTM32F4 -DSTM32F405RGTx -DDEBUG -DSTM32F40XX -DSTM32F40_41xxx -DUSE_STDPERIPH_DRIVER -I"D:/Git/2019g/2019g_Launcher/Launcher/StdPeriph_Driver/inc" -I"D:/Git/2019g/2019g_Launcher/Launcher/inc" -I"D:/Git/2019g/2019g_Launcher/Launcher/CMSIS/device" -I"D:/Git/2019g/2019g_Launcher/Launcher/CMSIS/core" -O0 -g3 -Wall -fmessage-length=0 -ffunction-sections -c -MMD -MP -MF"StdPeriph_Driver/src/stm32f4xx_dma2d.d" -MT"StdPeriph_Driver/src/stm32f4xx_dma2d.o" -o "StdPeriph_Driver/src/stm32f4xx_dma2d.o" "../StdPeriph_Driver/src/stm32f4xx_dma2d.c"
D:\Git\2019g\2019g_Launcher\Launcher\Debug
arm-none-eabi-gcc -mcpu=cortex-m4 -mthumb -mfloat-abi=hard -mfpu=fpv4-sp-d16 -DSTM32 -DSTM32F4 -DSTM32F405RGTx -DDEBUG -DSTM32F40XX -DSTM32F40_41xxx -DUSE_STDPERIPH_DRIVER -I"D:/Git/2019g/2019g_Launcher/Launcher/StdPeriph_Driver/inc" -I"D:/Git/2019g/2019g_Launcher/Launcher/inc" -I"D:/Git/2019g/2019g_Launcher/Launcher/CMSIS/device" -I"D:/Git/2019g/2019g_Launcher/Launcher/CMSIS/core" -O0 -g3 -Wall -fmessage-length=0 -ffunction-sections -c -MMD -MP -MF"StdPeriph_Driver/src/stm32f4xx_dsi.d" -MT"StdPeriph_Driver/src/stm32f4xx_dsi.o" -o "StdPeriph_Driver/src/stm32f4xx_dsi.o" "../StdPeriph_Driver/src/stm32f4xx_dsi.c"
D:\Git\2019g\2019g_Launcher\Launcher\Debug
arm-none-eabi-gcc -mcpu=cortex-m4 -mthumb -mfloat-abi=hard -mfpu=fpv4-sp-d16 -DSTM32 -DSTM32F4 -DSTM32F405RGTx -DDEBUG -DSTM32F40XX -DSTM32F40_41xxx -DUSE_STDPERIPH_DRIVER -I"D:/Git/2019g/2019g_Launcher/Launcher/StdPeriph_Driver/inc" -I"D:/Git/2019g/2019g_Launcher/Launcher/inc" -I"D:/Git/2019g/2019g_Launcher/Launcher/CMSIS/device" -I"D:/Git/2019g/2019g_Launcher/Launcher/CMSIS/core" -O0 -g3 -Wall -fmessage-length=0 -ffunction-sections -c -MMD -MP -MF"StdPeriph_Driver/src/stm32f4xx_exti.d" -MT"StdPeriph_Driver/src/stm32f4xx_exti.o" -o "StdPeriph_Driver/src/stm32f4xx_exti.o" "../StdPeriph_Driver/src/stm32f4xx_exti.c"
In file included from D:/Git/2019g/2019g_Launcher/Launcher/inc/myHeaders/motor.h:11:0,
                 from ../src/mySources/motor.cpp:1:
D:/Git/2019g/2019g_Launcher/Launcher/CMSIS/device/stm32f4xx.h:108:0: warning: "STM32F40_41xxx" redefined
   #define STM32F40_41xxx
 
<command-line>:0:0: note: this is the location of the previous definition
In file included from D:/Git/2019g/2019g_Launcher/Launcher/StdPeriph_Driver/inc/stm32f4xx_rcc.h:37:0,
                 from ../StdPeriph_Driver/src/stm32f4xx_dfsdm.c:44:
D:/Git/2019g/2019g_Launcher/Launcher/CMSIS/device/stm32f4xx.h:108:0: warning: "STM32F40_41xxx" redefined
   #define STM32F40_41xxx
 
<command-line>:0:0: note: this is the location of the previous definition
In file included from D:/Git/2019g/2019g_Launcher/Launcher/StdPeriph_Driver/inc/stm32f4xx_dbgmcu.h:37:0,
                 from ../StdPeriph_Driver/src/stm32f4xx_dbgmcu.c:29:
D:/Git/2019g/2019g_Launcher/Launcher/CMSIS/device/stm32f4xx.h:108:0: warning: "STM32F40_41xxx" redefined
   #define STM32F40_41xxx
 
<command-line>:0:0: note: this is the location of the previous definition
In file included from D:/Git/2019g/2019g_Launcher/Launcher/StdPeriph_Driver/inc/stm32f4xx_dcmi.h:37:0,
                 from ../StdPeriph_Driver/src/stm32f4xx_dcmi.c:86:
D:/Git/2019g/2019g_Launcher/Launcher/CMSIS/device/stm32f4xx.h:108:0: warning: "STM32F40_41xxx" redefined
   #define STM32F40_41xxx
 
<command-line>:0:0: note: this is the location of the previous definition
In file included from D:/Git/2019g/2019g_Launcher/Launcher/StdPeriph_Driver/inc/stm32f4xx_dma.h:38:0,
                 from ../StdPeriph_Driver/src/stm32f4xx_dma.c:124:
D:/Git/2019g/2019g_Launcher/Launcher/CMSIS/device/stm32f4xx.h:108:0: warning: "STM32F40_41xxx" redefined
   #define STM32F40_41xxx
 
<command-line>:0:0: note: this is the location of the previous definition
In file included from D:/Git/2019g/2019g_Launcher/Launcher/StdPeriph_Driver/inc/stm32f4xx_dma2d.h:38:0,
                 from ../StdPeriph_Driver/src/stm32f4xx_dma2d.c:58:
D:/Git/2019g/2019g_Launcher/Launcher/CMSIS/device/stm32f4xx.h:108:0: warning: "STM32F40_41xxx" redefined
   #define STM32F40_41xxx
 
<command-line>:0:0: note: this is the location of the previous definition
In file included from D:/Git/2019g/2019g_Launcher/Launcher/StdPeriph_Driver/inc/stm32f4xx_dsi.h:37:0,
                 from ../StdPeriph_Driver/src/stm32f4xx_dsi.c:44:
D:/Git/2019g/2019g_Launcher/Launcher/CMSIS/device/stm32f4xx.h:108:0: warning: "STM32F40_41xxx" redefined
   #define STM32F40_41xxx
 
<command-line>:0:0: note: this is the location of the previous definition
../src/mySources/motor.cpp: In member function 'constexpr uint16_t motorControl::prescara(uint16_t, uint16_t) const':
../src/mySources/motor.cpp:26:1: warning: no return statement in function returning non-void [-Wreturn-type]
 }
 ^
In file included from D:/Git/2019g/2019g_Launcher/Launcher/StdPeriph_Driver/inc/stm32f4xx_exti.h:38:0,
                 from ../StdPeriph_Driver/src/stm32f4xx_exti.c:68:
D:/Git/2019g/2019g_Launcher/Launcher/CMSIS/device/stm32f4xx.h:108:0: warning: "STM32F40_41xxx" redefined
   #define STM32F40_41xxx
 
<command-line>:0:0: note: this is the location of the previous definition
Finished building: ../StdPeriph_Driver/src/stm32f4xx_dfsdm.c
Finished building: ../StdPeriph_Driver/src/stm32f4xx_dbgmcu.c
Finished building: ../StdPeriph_Driver/src/stm32f4xx_dsi.c
 
Finished building: ../src/mySources/motor.cpp
 
 
Finished building: ../StdPeriph_Driver/src/stm32f4xx_dcmi.c
Building file: ../StdPeriph_Driver/src/stm32f4xx_flash.c
 
Building file: ../StdPeriph_Driver/src/stm32f4xx_flash_ramfunc.c
 
Building file: ../StdPeriph_Driver/src/stm32f4xx_fmc.c
Invoking: MCU GCC Compiler
Building file: ../StdPeriph_Driver/src/stm32f4xx_fmip2c.c
Invoking: MCU GCC Compiler
Building file: ../StdPeriph_Driver/src/stm32f4xx_fsmc.c
Invoking: MCU GCC Compiler
D:\Git\2019g\2019g_Launcher\Launcher\Debug
Invoking: MCU GCC Compiler
D:\Git\2019g\2019g_Launcher\Launcher\Debug
Finished building: ../StdPeriph_Driver/src/stm32f4xx_dma.c
arm-none-eabi-gcc -mcpu=cortex-m4 -mthumb -mfloat-abi=hard -mfpu=fpv4-sp-d16 -DSTM32 -DSTM32F4 -DSTM32F405RGTx -DDEBUG -DSTM32F40XX -DSTM32F40_41xxx -DUSE_STDPERIPH_DRIVER -I"D:/Git/2019g/2019g_Launcher/Launcher/StdPeriph_Driver/inc" -I"D:/Git/2019g/2019g_Launcher/Launcher/inc" -I"D:/Git/2019g/2019g_Launcher/Launcher/CMSIS/device" -I"D:/Git/2019g/2019g_Launcher/Launcher/CMSIS/core" -O0 -g3 -Wall -fmessage-length=0 -ffunction-sections -c -MMD -MP -MF"StdPeriph_Driver/src/stm32f4xx_flash.d" -MT"StdPeriph_Driver/src/stm32f4xx_flash.o" -o "StdPeriph_Driver/src/stm32f4xx_flash.o" "../StdPeriph_Driver/src/stm32f4xx_flash.c"
Invoking: MCU GCC Compiler
Finished building: ../StdPeriph_Driver/src/stm32f4xx_dma2d.c
D:\Git\2019g\2019g_Launcher\Launcher\Debug
arm-none-eabi-gcc -mcpu=cortex-m4 -mthumb -mfloat-abi=hard -mfpu=fpv4-sp-d16 -DSTM32 -DSTM32F4 -DSTM32F405RGTx -DDEBUG -DSTM32F40XX -DSTM32F40_41xxx -DUSE_STDPERIPH_DRIVER -I"D:/Git/2019g/2019g_Launcher/Launcher/StdPeriph_Driver/inc" -I"D:/Git/2019g/2019g_Launcher/Launcher/inc" -I"D:/Git/2019g/2019g_Launcher/Launcher/CMSIS/device" -I"D:/Git/2019g/2019g_Launcher/Launcher/CMSIS/core" -O0 -g3 -Wall -fmessage-length=0 -ffunction-sections -c -MMD -MP -MF"StdPeriph_Driver/src/stm32f4xx_flash_ramfunc.d" -MT"StdPeriph_Driver/src/stm32f4xx_flash_ramfunc.o" -o "StdPeriph_Driver/src/stm32f4xx_flash_ramfunc.o" "../StdPeriph_Driver/src/stm32f4xx_flash_ramfunc.c"
Finished building: ../StdPeriph_Driver/src/stm32f4xx_exti.c
D:\Git\2019g\2019g_Launcher\Launcher\Debug
arm-none-eabi-gcc -mcpu=cortex-m4 -mthumb -mfloat-abi=hard -mfpu=fpv4-sp-d16 -DSTM32 -DSTM32F4 -DSTM32F405RGTx -DDEBUG -DSTM32F40XX -DSTM32F40_41xxx -DUSE_STDPERIPH_DRIVER -I"D:/Git/2019g/2019g_Launcher/Launcher/StdPeriph_Driver/inc" -I"D:/Git/2019g/2019g_Launcher/Launcher/inc" -I"D:/Git/2019g/2019g_Launcher/Launcher/CMSIS/device" -I"D:/Git/2019g/2019g_Launcher/Launcher/CMSIS/core" -O0 -g3 -Wall -fmessage-length=0 -ffunction-sections -c -MMD -MP -MF"StdPeriph_Driver/src/stm32f4xx_fmc.d" -MT"StdPeriph_Driver/src/stm32f4xx_fmc.o" -o "StdPeriph_Driver/src/stm32f4xx_fmc.o" "../StdPeriph_Driver/src/stm32f4xx_fmc.c"
 
D:\Git\2019g\2019g_Launcher\Launcher\Debug
arm-none-eabi-gcc -mcpu=cortex-m4 -mthumb -mfloat-abi=hard -mfpu=fpv4-sp-d16 -DSTM32 -DSTM32F4 -DSTM32F405RGTx -DDEBUG -DSTM32F40XX -DSTM32F40_41xxx -DUSE_STDPERIPH_DRIVER -I"D:/Git/2019g/2019g_Launcher/Launcher/StdPeriph_Driver/inc" -I"D:/Git/2019g/2019g_Launcher/Launcher/inc" -I"D:/Git/2019g/2019g_Launcher/Launcher/CMSIS/device" -I"D:/Git/2019g/2019g_Launcher/Launcher/CMSIS/core" -O0 -g3 -Wall -fmessage-length=0 -ffunction-sections -c -MMD -MP -MF"StdPeriph_Driver/src/stm32f4xx_fmip2c.d" -MT"StdPeriph_Driver/src/stm32f4xx_fmip2c.o" -o "StdPeriph_Driver/src/stm32f4xx_fmip2c.o" "../StdPeriph_Driver/src/stm32f4xx_fmip2c.c"
 
arm-none-eabi-gcc -mcpu=cortex-m4 -mthumb -mfloat-abi=hard -mfpu=fpv4-sp-d16 -DSTM32 -DSTM32F4 -DSTM32F405RGTx -DDEBUG -DSTM32F40XX -DSTM32F40_41xxx -DUSE_STDPERIPH_DRIVER -I"D:/Git/2019g/2019g_Launcher/Launcher/StdPeriph_Driver/inc" -I"D:/Git/2019g/2019g_Launcher/Launcher/inc" -I"D:/Git/2019g/2019g_Launcher/Launcher/CMSIS/device" -I"D:/Git/2019g/2019g_Launcher/Launcher/CMSIS/core" -O0 -g3 -Wall -fmessage-length=0 -ffunction-sections -c -MMD -MP -MF"StdPeriph_Driver/src/stm32f4xx_fsmc.d" -MT"StdPeriph_Driver/src/stm32f4xx_fsmc.o" -o "StdPeriph_Driver/src/stm32f4xx_fsmc.o" "../StdPeriph_Driver/src/stm32f4xx_fsmc.c"
 
Building file: ../StdPeriph_Driver/src/stm32f4xx_gpio.c
Building file: ../StdPeriph_Driver/src/stm32f4xx_hash.c
Building file: ../StdPeriph_Driver/src/stm32f4xx_hash_md5.c
Invoking: MCU GCC Compiler
Invoking: MCU GCC Compiler
Invoking: MCU GCC Compiler
D:\Git\2019g\2019g_Launcher\Launcher\Debug
arm-none-eabi-gcc -mcpu=cortex-m4 -mthumb -mfloat-abi=hard -mfpu=fpv4-sp-d16 -DSTM32 -DSTM32F4 -DSTM32F405RGTx -DDEBUG -DSTM32F40XX -DSTM32F40_41xxx -DUSE_STDPERIPH_DRIVER -I"D:/Git/2019g/2019g_Launcher/Launcher/StdPeriph_Driver/inc" -I"D:/Git/2019g/2019g_Launcher/Launcher/inc" -I"D:/Git/2019g/2019g_Launcher/Launcher/CMSIS/device" -I"D:/Git/2019g/2019g_Launcher/Launcher/CMSIS/core" -O0 -g3 -Wall -fmessage-length=0 -ffunction-sections -c -MMD -MP -MF"StdPeriph_Driver/src/stm32f4xx_gpio.d" -MT"StdPeriph_Driver/src/stm32f4xx_gpio.o" -o "StdPeriph_Driver/src/stm32f4xx_gpio.o" "../StdPeriph_Driver/src/stm32f4xx_gpio.c"
D:\Git\2019g\2019g_Launcher\Launcher\Debug
D:\Git\2019g\2019g_Launcher\Launcher\Debug
arm-none-eabi-gcc -mcpu=cortex-m4 -mthumb -mfloat-abi=hard -mfpu=fpv4-sp-d16 -DSTM32 -DSTM32F4 -DSTM32F405RGTx -DDEBUG -DSTM32F40XX -DSTM32F40_41xxx -DUSE_STDPERIPH_DRIVER -I"D:/Git/2019g/2019g_Launcher/Launcher/StdPeriph_Driver/inc" -I"D:/Git/2019g/2019g_Launcher/Launcher/inc" -I"D:/Git/2019g/2019g_Launcher/Launcher/CMSIS/device" -I"D:/Git/2019g/2019g_Launcher/Launcher/CMSIS/core" -O0 -g3 -Wall -fmessage-length=0 -ffunction-sections -c -MMD -MP -MF"StdPeriph_Driver/src/stm32f4xx_hash.d" -MT"StdPeriph_Driver/src/stm32f4xx_hash.o" -o "StdPeriph_Driver/src/stm32f4xx_hash.o" "../StdPeriph_Driver/src/stm32f4xx_hash.c"
In file included from D:/Git/2019g/2019g_Launcher/Launcher/StdPeriph_Driver/inc/stm32f4xx_flash.h:38:0,
                 from ../StdPeriph_Driver/src/stm32f4xx_flash.c:72:
D:/Git/2019g/2019g_Launcher/Launcher/CMSIS/device/stm32f4xx.h:108:0: warning: "STM32F40_41xxx" redefined
   #define STM32F40_41xxx
 
<command-line>:0:0: note: this is the location of the previous definition
arm-none-eabi-gcc -mcpu=cortex-m4 -mthumb -mfloat-abi=hard -mfpu=fpv4-sp-d16 -DSTM32 -DSTM32F4 -DSTM32F405RGTx -DDEBUG -DSTM32F40XX -DSTM32F40_41xxx -DUSE_STDPERIPH_DRIVER -I"D:/Git/2019g/2019g_Launcher/Launcher/StdPeriph_Driver/inc" -I"D:/Git/2019g/2019g_Launcher/Launcher/inc" -I"D:/Git/2019g/2019g_Launcher/Launcher/CMSIS/device" -I"D:/Git/2019g/2019g_Launcher/Launcher/CMSIS/core" -O0 -g3 -Wall -fmessage-length=0 -ffunction-sections -c -MMD -MP -MF"StdPeriph_Driver/src/stm32f4xx_hash_md5.d" -MT"StdPeriph_Driver/src/stm32f4xx_hash_md5.o" -o "StdPeriph_Driver/src/stm32f4xx_hash_md5.o" "../StdPeriph_Driver/src/stm32f4xx_hash_md5.c"
In file included from D:/Git/2019g/2019g_Launcher/Launcher/StdPeriph_Driver/inc/stm32f4xx_flash_ramfunc.h:38:0,
                 from ../StdPeriph_Driver/src/stm32f4xx_flash_ramfunc.c:58:
D:/Git/2019g/2019g_Launcher/Launcher/CMSIS/device/stm32f4xx.h:108:0: warning: "STM32F40_41xxx" redefined
   #define STM32F40_41xxx
 
<command-line>:0:0: note: this is the location of the previous definition
In file included from D:/Git/2019g/2019g_Launcher/Launcher/StdPeriph_Driver/inc/stm32f4xx_fmc.h:38:0,
                 from ../StdPeriph_Driver/src/stm32f4xx_fmc.c:36:
D:/Git/2019g/2019g_Launcher/Launcher/CMSIS/device/stm32f4xx.h:108:0: warning: "STM32F40_41xxx" redefined
   #define STM32F40_41xxx
 
<command-line>:0:0: note: this is the location of the previous definition
In file included from D:/Git/2019g/2019g_Launcher/Launcher/StdPeriph_Driver/inc/stm32f4xx_fsmc.h:38:0,
                 from ../StdPeriph_Driver/src/stm32f4xx_fsmc.c:35:
D:/Git/2019g/2019g_Launcher/Launcher/CMSIS/device/stm32f4xx.h:108:0: warning: "STM32F40_41xxx" redefined
   #define STM32F40_41xxx
 
<command-line>:0:0: note: this is the location of the previous definition
In file included from D:/Git/2019g/2019g_Launcher/Launcher/StdPeriph_Driver/inc/stm32f4xx_fmpi2c.h:38:0,
                 from ../StdPeriph_Driver/src/stm32f4xx_fmip2c.c:79:
D:/Git/2019g/2019g_Launcher/Launcher/CMSIS/device/stm32f4xx.h:108:0: warning: "STM32F40_41xxx" redefined
   #define STM32F40_41xxx
 
<command-line>:0:0: note: this is the location of the previous definition
In file included from D:/Git/2019g/2019g_Launcher/Launcher/StdPeriph_Driver/inc/stm32f4xx_gpio.h:38:0,
                 from ../StdPeriph_Driver/src/stm32f4xx_gpio.c:84:
D:/Git/2019g/2019g_Launcher/Launcher/CMSIS/device/stm32f4xx.h:108:0: warning: "STM32F40_41xxx" redefined
   #define STM32F40_41xxx
 
<command-line>:0:0: note: this is the location of the previous definition
In file included from D:/Git/2019g/2019g_Launcher/Launcher/StdPeriph_Driver/inc/stm32f4xx_hash.h:38:0,
                 from ../StdPeriph_Driver/src/stm32f4xx_hash.c:123:
D:/Git/2019g/2019g_Launcher/Launcher/CMSIS/device/stm32f4xx.h:108:0: warning: "STM32F40_41xxx" redefined
   #define STM32F40_41xxx
 
<command-line>:0:0: note: this is the location of the previous definition
In file included from D:/Git/2019g/2019g_Launcher/Launcher/StdPeriph_Driver/inc/stm32f4xx_hash.h:38:0,
                 from ../StdPeriph_Driver/src/stm32f4xx_hash_md5.c:47:
D:/Git/2019g/2019g_Launcher/Launcher/CMSIS/device/stm32f4xx.h:108:0: warning: "STM32F40_41xxx" redefined
   #define STM32F40_41xxx
 
<command-line>:0:0: note: this is the location of the previous definition
Finished building: ../StdPeriph_Driver/src/stm32f4xx_fmc.c
 
Finished building: ../StdPeriph_Driver/src/stm32f4xx_flash_ramfunc.c
Finished building: ../StdPeriph_Driver/src/stm32f4xx_fmip2c.c
Building file: ../StdPeriph_Driver/src/stm32f4xx_hash_sha1.c
 
 
Invoking: MCU GCC Compiler
Building file: ../StdPeriph_Driver/src/stm32f4xx_i2c.c
Building file: ../StdPeriph_Driver/src/stm32f4xx_iwdg.c
Finished building: ../StdPeriph_Driver/src/stm32f4xx_flash.c
D:\Git\2019g\2019g_Launcher\Launcher\Debug
Invoking: MCU GCC Compiler
arm-none-eabi-gcc -mcpu=cortex-m4 -mthumb -mfloat-abi=hard -mfpu=fpv4-sp-d16 -DSTM32 -DSTM32F4 -DSTM32F405RGTx -DDEBUG -DSTM32F40XX -DSTM32F40_41xxx -DUSE_STDPERIPH_DRIVER -I"D:/Git/2019g/2019g_Launcher/Launcher/StdPeriph_Driver/inc" -I"D:/Git/2019g/2019g_Launcher/Launcher/inc" -I"D:/Git/2019g/2019g_Launcher/Launcher/CMSIS/device" -I"D:/Git/2019g/2019g_Launcher/Launcher/CMSIS/core" -O0 -g3 -Wall -fmessage-length=0 -ffunction-sections -c -MMD -MP -MF"StdPeriph_Driver/src/stm32f4xx_hash_sha1.d" -MT"StdPeriph_Driver/src/stm32f4xx_hash_sha1.o" -o "StdPeriph_Driver/src/stm32f4xx_hash_sha1.o" "../StdPeriph_Driver/src/stm32f4xx_hash_sha1.c"
Finished building: ../StdPeriph_Driver/src/stm32f4xx_fsmc.c
Invoking: MCU GCC Compiler
 
D:\Git\2019g\2019g_Launcher\Launcher\Debug
 
D:\Git\2019g\2019g_Launcher\Launcher\Debug
arm-none-eabi-gcc -mcpu=cortex-m4 -mthumb -mfloat-abi=hard -mfpu=fpv4-sp-d16 -DSTM32 -DSTM32F4 -DSTM32F405RGTx -DDEBUG -DSTM32F40XX -DSTM32F40_41xxx -DUSE_STDPERIPH_DRIVER -I"D:/Git/2019g/2019g_Launcher/Launcher/StdPeriph_Driver/inc" -I"D:/Git/2019g/2019g_Launcher/Launcher/inc" -I"D:/Git/2019g/2019g_Launcher/Launcher/CMSIS/device" -I"D:/Git/2019g/2019g_Launcher/Launcher/CMSIS/core" -O0 -g3 -Wall -fmessage-length=0 -ffunction-sections -c -MMD -MP -MF"StdPeriph_Driver/src/stm32f4xx_i2c.d" -MT"StdPeriph_Driver/src/stm32f4xx_i2c.o" -o "StdPeriph_Driver/src/stm32f4xx_i2c.o" "../StdPeriph_Driver/src/stm32f4xx_i2c.c"
Finished building: ../StdPeriph_Driver/src/stm32f4xx_hash.c
arm-none-eabi-gcc -mcpu=cortex-m4 -mthumb -mfloat-abi=hard -mfpu=fpv4-sp-d16 -DSTM32 -DSTM32F4 -DSTM32F405RGTx -DDEBUG -DSTM32F40XX -DSTM32F40_41xxx -DUSE_STDPERIPH_DRIVER -I"D:/Git/2019g/2019g_Launcher/Launcher/StdPeriph_Driver/inc" -I"D:/Git/2019g/2019g_Launcher/Launcher/inc" -I"D:/Git/2019g/2019g_Launcher/Launcher/CMSIS/device" -I"D:/Git/2019g/2019g_Launcher/Launcher/CMSIS/core" -O0 -g3 -Wall -fmessage-length=0 -ffunction-sections -c -MMD -MP -MF"StdPeriph_Driver/src/stm32f4xx_iwdg.d" -MT"StdPeriph_Driver/src/stm32f4xx_iwdg.o" -o "StdPeriph_Driver/src/stm32f4xx_iwdg.o" "../StdPeriph_Driver/src/stm32f4xx_iwdg.c"
Finished building: ../StdPeriph_Driver/src/stm32f4xx_hash_md5.c
Finished building: ../StdPeriph_Driver/src/stm32f4xx_gpio.c
 
 
 
Building file: ../StdPeriph_Driver/src/stm32f4xx_lptim.c
Building file: ../StdPeriph_Driver/src/stm32f4xx_ltdc.c
Building file: ../StdPeriph_Driver/src/stm32f4xx_pwr.c
Building file: ../StdPeriph_Driver/src/stm32f4xx_qspi.c
Building file: ../StdPeriph_Driver/src/stm32f4xx_rcc.c
Invoking: MCU GCC Compiler
Invoking: MCU GCC Compiler
Invoking: MCU GCC Compiler
Invoking: MCU GCC Compiler
Invoking: MCU GCC Compiler
D:\Git\2019g\2019g_Launcher\Launcher\Debug
D:\Git\2019g\2019g_Launcher\Launcher\Debug
arm-none-eabi-gcc -mcpu=cortex-m4 -mthumb -mfloat-abi=hard -mfpu=fpv4-sp-d16 -DSTM32 -DSTM32F4 -DSTM32F405RGTx -DDEBUG -DSTM32F40XX -DSTM32F40_41xxx -DUSE_STDPERIPH_DRIVER -I"D:/Git/2019g/2019g_Launcher/Launcher/StdPeriph_Driver/inc" -I"D:/Git/2019g/2019g_Launcher/Launcher/inc" -I"D:/Git/2019g/2019g_Launcher/Launcher/CMSIS/device" -I"D:/Git/2019g/2019g_Launcher/Launcher/CMSIS/core" -O0 -g3 -Wall -fmessage-length=0 -ffunction-sections -c -MMD -MP -MF"StdPeriph_Driver/src/stm32f4xx_lptim.d" -MT"StdPeriph_Driver/src/stm32f4xx_lptim.o" -o "StdPeriph_Driver/src/stm32f4xx_lptim.o" "../StdPeriph_Driver/src/stm32f4xx_lptim.c"
D:\Git\2019g\2019g_Launcher\Launcher\Debug
arm-none-eabi-gcc -mcpu=cortex-m4 -mthumb -mfloat-abi=hard -mfpu=fpv4-sp-d16 -DSTM32 -DSTM32F4 -DSTM32F405RGTx -DDEBUG -DSTM32F40XX -DSTM32F40_41xxx -DUSE_STDPERIPH_DRIVER -I"D:/Git/2019g/2019g_Launcher/Launcher/StdPeriph_Driver/inc" -I"D:/Git/2019g/2019g_Launcher/Launcher/inc" -I"D:/Git/2019g/2019g_Launcher/Launcher/CMSIS/device" -I"D:/Git/2019g/2019g_Launcher/Launcher/CMSIS/core" -O0 -g3 -Wall -fmessage-length=0 -ffunction-sections -c -MMD -MP -MF"StdPeriph_Driver/src/stm32f4xx_ltdc.d" -MT"StdPeriph_Driver/src/stm32f4xx_ltdc.o" -o "StdPeriph_Driver/src/stm32f4xx_ltdc.o" "../StdPeriph_Driver/src/stm32f4xx_ltdc.c"
In file included from D:/Git/2019g/2019g_Launcher/Launcher/StdPeriph_Driver/inc/stm32f4xx_hash.h:38:0,
                 from ../StdPeriph_Driver/src/stm32f4xx_hash_sha1.c:47:
D:/Git/2019g/2019g_Launcher/Launcher/CMSIS/device/stm32f4xx.h:108:0: warning: "STM32F40_41xxx" redefined
   #define STM32F40_41xxx
 
<command-line>:0:0: note: this is the location of the previous definition
D:\Git\2019g\2019g_Launcher\Launcher\Debug
arm-none-eabi-gcc -mcpu=cortex-m4 -mthumb -mfloat-abi=hard -mfpu=fpv4-sp-d16 -DSTM32 -DSTM32F4 -DSTM32F405RGTx -DDEBUG -DSTM32F40XX -DSTM32F40_41xxx -DUSE_STDPERIPH_DRIVER -I"D:/Git/2019g/2019g_Launcher/Launcher/StdPeriph_Driver/inc" -I"D:/Git/2019g/2019g_Launcher/Launcher/inc" -I"D:/Git/2019g/2019g_Launcher/Launcher/CMSIS/device" -I"D:/Git/2019g/2019g_Launcher/Launcher/CMSIS/core" -O0 -g3 -Wall -fmessage-length=0 -ffunction-sections -c -MMD -MP -MF"StdPeriph_Driver/src/stm32f4xx_qspi.d" -MT"StdPeriph_Driver/src/stm32f4xx_qspi.o" -o "StdPeriph_Driver/src/stm32f4xx_qspi.o" "../StdPeriph_Driver/src/stm32f4xx_qspi.c"
D:\Git\2019g\2019g_Launcher\Launcher\Debug
arm-none-eabi-gcc -mcpu=cortex-m4 -mthumb -mfloat-abi=hard -mfpu=fpv4-sp-d16 -DSTM32 -DSTM32F4 -DSTM32F405RGTx -DDEBUG -DSTM32F40XX -DSTM32F40_41xxx -DUSE_STDPERIPH_DRIVER -I"D:/Git/2019g/2019g_Launcher/Launcher/StdPeriph_Driver/inc" -I"D:/Git/2019g/2019g_Launcher/Launcher/inc" -I"D:/Git/2019g/2019g_Launcher/Launcher/CMSIS/device" -I"D:/Git/2019g/2019g_Launcher/Launcher/CMSIS/core" -O0 -g3 -Wall -fmessage-length=0 -ffunction-sections -c -MMD -MP -MF"StdPeriph_Driver/src/stm32f4xx_pwr.d" -MT"StdPeriph_Driver/src/stm32f4xx_pwr.o" -o "StdPeriph_Driver/src/stm32f4xx_pwr.o" "../StdPeriph_Driver/src/stm32f4xx_pwr.c"
arm-none-eabi-gcc -mcpu=cortex-m4 -mthumb -mfloat-abi=hard -mfpu=fpv4-sp-d16 -DSTM32 -DSTM32F4 -DSTM32F405RGTx -DDEBUG -DSTM32F40XX -DSTM32F40_41xxx -DUSE_STDPERIPH_DRIVER -I"D:/Git/2019g/2019g_Launcher/Launcher/StdPeriph_Driver/inc" -I"D:/Git/2019g/2019g_Launcher/Launcher/inc" -I"D:/Git/2019g/2019g_Launcher/Launcher/CMSIS/device" -I"D:/Git/2019g/2019g_Launcher/Launcher/CMSIS/core" -O0 -g3 -Wall -fmessage-length=0 -ffunction-sections -c -MMD -MP -MF"StdPeriph_Driver/src/stm32f4xx_rcc.d" -MT"StdPeriph_Driver/src/stm32f4xx_rcc.o" -o "StdPeriph_Driver/src/stm32f4xx_rcc.o" "../StdPeriph_Driver/src/stm32f4xx_rcc.c"
In file included from D:/Git/2019g/2019g_Launcher/Launcher/StdPeriph_Driver/inc/stm32f4xx_iwdg.h:38:0,
                 from ../StdPeriph_Driver/src/stm32f4xx_iwdg.c:85:
D:/Git/2019g/2019g_Launcher/Launcher/CMSIS/device/stm32f4xx.h:108:0: warning: "STM32F40_41xxx" redefined
   #define STM32F40_41xxx
 
<command-line>:0:0: note: this is the location of the previous definition
In file included from D:/Git/2019g/2019g_Launcher/Launcher/StdPeriph_Driver/inc/stm32f4xx_i2c.h:38:0,
                 from ../StdPeriph_Driver/src/stm32f4xx_i2c.c:92:
D:/Git/2019g/2019g_Launcher/Launcher/CMSIS/device/stm32f4xx.h:108:0: warning: "STM32F40_41xxx" redefined
   #define STM32F40_41xxx
 
<command-line>:0:0: note: this is the location of the previous definition
In file included from D:/Git/2019g/2019g_Launcher/Launcher/StdPeriph_Driver/inc/stm32f4xx_lptim.h:38:0,
                 from ../StdPeriph_Driver/src/stm32f4xx_lptim.c:96:
D:/Git/2019g/2019g_Launcher/Launcher/CMSIS/device/stm32f4xx.h:108:0: warning: "STM32F40_41xxx" redefined
   #define STM32F40_41xxx
 
<command-line>:0:0: note: this is the location of the previous definition
In file included from D:/Git/2019g/2019g_Launcher/Launcher/StdPeriph_Driver/inc/stm32f4xx_pwr.h:38:0,
                 from ../StdPeriph_Driver/src/stm32f4xx_pwr.c:38:
D:/Git/2019g/2019g_Launcher/Launcher/CMSIS/device/stm32f4xx.h:108:0: warning: "STM32F40_41xxx" redefined
   #define STM32F40_41xxx
 
<command-line>:0:0: note: this is the location of the previous definition
In file included from D:/Git/2019g/2019g_Launcher/Launcher/StdPeriph_Driver/inc/stm32f4xx_qspi.h:38:0,
                 from ../StdPeriph_Driver/src/stm32f4xx_qspi.c:82:
D:/Git/2019g/2019g_Launcher/Launcher/CMSIS/device/stm32f4xx.h:108:0: warning: "STM32F40_41xxx" redefined
   #define STM32F40_41xxx
 
<command-line>:0:0: note: this is the location of the previous definition
In file included from D:/Git/2019g/2019g_Launcher/Launcher/StdPeriph_Driver/inc/stm32f4xx_ltdc.h:38:0,
                 from ../StdPeriph_Driver/src/stm32f4xx_ltdc.c:76:
D:/Git/2019g/2019g_Launcher/Launcher/CMSIS/device/stm32f4xx.h:108:0: warning: "STM32F40_41xxx" redefined
   #define STM32F40_41xxx
 
<command-line>:0:0: note: this is the location of the previous definition
In file included from D:/Git/2019g/2019g_Launcher/Launcher/StdPeriph_Driver/inc/stm32f4xx_rcc.h:37:0,
                 from ../StdPeriph_Driver/src/stm32f4xx_rcc.c:59:
D:/Git/2019g/2019g_Launcher/Launcher/CMSIS/device/stm32f4xx.h:108:0: warning: "STM32F40_41xxx" redefined
   #define STM32F40_41xxx
 
<command-line>:0:0: note: this is the location of the previous definition
Finished building: ../StdPeriph_Driver/src/stm32f4xx_hash_sha1.c
Finished building: ../StdPeriph_Driver/src/stm32f4xx_iwdg.c
 
 
Building file: ../StdPeriph_Driver/src/stm32f4xx_rng.c
Building file: ../StdPeriph_Driver/src/stm32f4xx_rtc.c
Invoking: MCU GCC Compiler
Finished building: ../StdPeriph_Driver/src/stm32f4xx_lptim.c
Finished building: ../StdPeriph_Driver/src/stm32f4xx_qspi.c
Invoking: MCU GCC Compiler
D:\Git\2019g\2019g_Launcher\Launcher\Debug
 
arm-none-eabi-gcc -mcpu=cortex-m4 -mthumb -mfloat-abi=hard -mfpu=fpv4-sp-d16 -DSTM32 -DSTM32F4 -DSTM32F405RGTx -DDEBUG -DSTM32F40XX -DSTM32F40_41xxx -DUSE_STDPERIPH_DRIVER -I"D:/Git/2019g/2019g_Launcher/Launcher/StdPeriph_Driver/inc" -I"D:/Git/2019g/2019g_Launcher/Launcher/inc" -I"D:/Git/2019g/2019g_Launcher/Launcher/CMSIS/device" -I"D:/Git/2019g/2019g_Launcher/Launcher/CMSIS/core" -O0 -g3 -Wall -fmessage-length=0 -ffunction-sections -c -MMD -MP -MF"StdPeriph_Driver/src/stm32f4xx_rng.d" -MT"StdPeriph_Driver/src/stm32f4xx_rng.o" -o "StdPeriph_Driver/src/stm32f4xx_rng.o" "../StdPeriph_Driver/src/stm32f4xx_rng.c"
Finished building: ../StdPeriph_Driver/src/stm32f4xx_i2c.c
 
D:\Git\2019g\2019g_Launcher\Launcher\Debug
Finished building: ../StdPeriph_Driver/src/stm32f4xx_pwr.c
arm-none-eabi-gcc -mcpu=cortex-m4 -mthumb -mfloat-abi=hard -mfpu=fpv4-sp-d16 -DSTM32 -DSTM32F4 -DSTM32F405RGTx -DDEBUG -DSTM32F40XX -DSTM32F40_41xxx -DUSE_STDPERIPH_DRIVER -I"D:/Git/2019g/2019g_Launcher/Launcher/StdPeriph_Driver/inc" -I"D:/Git/2019g/2019g_Launcher/Launcher/inc" -I"D:/Git/2019g/2019g_Launcher/Launcher/CMSIS/device" -I"D:/Git/2019g/2019g_Launcher/Launcher/CMSIS/core" -O0 -g3 -Wall -fmessage-length=0 -ffunction-sections -c -MMD -MP -MF"StdPeriph_Driver/src/stm32f4xx_rtc.d" -MT"StdPeriph_Driver/src/stm32f4xx_rtc.o" -o "StdPeriph_Driver/src/stm32f4xx_rtc.o" "../StdPeriph_Driver/src/stm32f4xx_rtc.c"
 
Building file: ../StdPeriph_Driver/src/stm32f4xx_sai.c
Building file: ../StdPeriph_Driver/src/stm32f4xx_sdio.c
 
Building file: ../StdPeriph_Driver/src/stm32f4xx_spdifrx.c
Invoking: MCU GCC Compiler
Invoking: MCU GCC Compiler
Building file: ../StdPeriph_Driver/src/stm32f4xx_spi.c
Invoking: MCU GCC Compiler
Finished building: ../StdPeriph_Driver/src/stm32f4xx_ltdc.c
D:\Git\2019g\2019g_Launcher\Launcher\Debug
D:\Git\2019g\2019g_Launcher\Launcher\Debug
arm-none-eabi-gcc -mcpu=cortex-m4 -mthumb -mfloat-abi=hard -mfpu=fpv4-sp-d16 -DSTM32 -DSTM32F4 -DSTM32F405RGTx -DDEBUG -DSTM32F40XX -DSTM32F40_41xxx -DUSE_STDPERIPH_DRIVER -I"D:/Git/2019g/2019g_Launcher/Launcher/StdPeriph_Driver/inc" -I"D:/Git/2019g/2019g_Launcher/Launcher/inc" -I"D:/Git/2019g/2019g_Launcher/Launcher/CMSIS/device" -I"D:/Git/2019g/2019g_Launcher/Launcher/CMSIS/core" -O0 -g3 -Wall -fmessage-length=0 -ffunction-sections -c -MMD -MP -MF"StdPeriph_Driver/src/stm32f4xx_sai.d" -MT"StdPeriph_Driver/src/stm32f4xx_sai.o" -o "StdPeriph_Driver/src/stm32f4xx_sai.o" "../StdPeriph_Driver/src/stm32f4xx_sai.c"
Finished building: ../StdPeriph_Driver/src/stm32f4xx_rcc.c
arm-none-eabi-gcc -mcpu=cortex-m4 -mthumb -mfloat-abi=hard -mfpu=fpv4-sp-d16 -DSTM32 -DSTM32F4 -DSTM32F405RGTx -DDEBUG -DSTM32F40XX -DSTM32F40_41xxx -DUSE_STDPERIPH_DRIVER -I"D:/Git/2019g/2019g_Launcher/Launcher/StdPeriph_Driver/inc" -I"D:/Git/2019g/2019g_Launcher/Launcher/inc" -I"D:/Git/2019g/2019g_Launcher/Launcher/CMSIS/device" -I"D:/Git/2019g/2019g_Launcher/Launcher/CMSIS/core" -O0 -g3 -Wall -fmessage-length=0 -ffunction-sections -c -MMD -MP -MF"StdPeriph_Driver/src/stm32f4xx_sdio.d" -MT"StdPeriph_Driver/src/stm32f4xx_sdio.o" -o "StdPeriph_Driver/src/stm32f4xx_sdio.o" "../StdPeriph_Driver/src/stm32f4xx_sdio.c"
Invoking: MCU GCC Compiler
D:\Git\2019g\2019g_Launcher\Launcher\Debug
 
arm-none-eabi-gcc -mcpu=cortex-m4 -mthumb -mfloat-abi=hard -mfpu=fpv4-sp-d16 -DSTM32 -DSTM32F4 -DSTM32F405RGTx -DDEBUG -DSTM32F40XX -DSTM32F40_41xxx -DUSE_STDPERIPH_DRIVER -I"D:/Git/2019g/2019g_Launcher/Launcher/StdPeriph_Driver/inc" -I"D:/Git/2019g/2019g_Launcher/Launcher/inc" -I"D:/Git/2019g/2019g_Launcher/Launcher/CMSIS/device" -I"D:/Git/2019g/2019g_Launcher/Launcher/CMSIS/core" -O0 -g3 -Wall -fmessage-length=0 -ffunction-sections -c -MMD -MP -MF"StdPeriph_Driver/src/stm32f4xx_spdifrx.d" -MT"StdPeriph_Driver/src/stm32f4xx_spdifrx.o" -o "StdPeriph_Driver/src/stm32f4xx_spdifrx.o" "../StdPeriph_Driver/src/stm32f4xx_spdifrx.c"
 
D:\Git\2019g\2019g_Launcher\Launcher\Debug
In file included from D:/Git/2019g/2019g_Launcher/Launcher/StdPeriph_Driver/inc/stm32f4xx_rng.h:38:0,
                 from ../StdPeriph_Driver/src/stm32f4xx_rng.c:56:
D:/Git/2019g/2019g_Launcher/Launcher/CMSIS/device/stm32f4xx.h:108:0: warning: "STM32F40_41xxx" redefined
   #define STM32F40_41xxx
 
<command-line>:0:0: note: this is the location of the previous definition
Building file: ../StdPeriph_Driver/src/stm32f4xx_syscfg.c
In file included from D:/Git/2019g/2019g_Launcher/Launcher/StdPeriph_Driver/inc/stm32f4xx_rtc.h:38:0,
                 from ../StdPeriph_Driver/src/stm32f4xx_rtc.c:285:
D:/Git/2019g/2019g_Launcher/Launcher/CMSIS/device/stm32f4xx.h:108:0: warning: "STM32F40_41xxx" redefined
   #define STM32F40_41xxx
 
<command-line>:0:0: note: this is the location of the previous definition
arm-none-eabi-gcc -mcpu=cortex-m4 -mthumb -mfloat-abi=hard -mfpu=fpv4-sp-d16 -DSTM32 -DSTM32F4 -DSTM32F405RGTx -DDEBUG -DSTM32F40XX -DSTM32F40_41xxx -DUSE_STDPERIPH_DRIVER -I"D:/Git/2019g/2019g_Launcher/Launcher/StdPeriph_Driver/inc" -I"D:/Git/2019g/2019g_Launcher/Launcher/inc" -I"D:/Git/2019g/2019g_Launcher/Launcher/CMSIS/device" -I"D:/Git/2019g/2019g_Launcher/Launcher/CMSIS/core" -O0 -g3 -Wall -fmessage-length=0 -ffunction-sections -c -MMD -MP -MF"StdPeriph_Driver/src/stm32f4xx_spi.d" -MT"StdPeriph_Driver/src/stm32f4xx_spi.o" -o "StdPeriph_Driver/src/stm32f4xx_spi.o" "../StdPeriph_Driver/src/stm32f4xx_spi.c"
Invoking: MCU GCC Compiler
Building file: ../StdPeriph_Driver/src/stm32f4xx_tim.c
D:\Git\2019g\2019g_Launcher\Launcher\Debug
Invoking: MCU GCC Compiler
arm-none-eabi-gcc -mcpu=cortex-m4 -mthumb -mfloat-abi=hard -mfpu=fpv4-sp-d16 -DSTM32 -DSTM32F4 -DSTM32F405RGTx -DDEBUG -DSTM32F40XX -DSTM32F40_41xxx -DUSE_STDPERIPH_DRIVER -I"D:/Git/2019g/2019g_Launcher/Launcher/StdPeriph_Driver/inc" -I"D:/Git/2019g/2019g_Launcher/Launcher/inc" -I"D:/Git/2019g/2019g_Launcher/Launcher/CMSIS/device" -I"D:/Git/2019g/2019g_Launcher/Launcher/CMSIS/core" -O0 -g3 -Wall -fmessage-length=0 -ffunction-sections -c -MMD -MP -MF"StdPeriph_Driver/src/stm32f4xx_syscfg.d" -MT"StdPeriph_Driver/src/stm32f4xx_syscfg.o" -o "StdPeriph_Driver/src/stm32f4xx_syscfg.o" "../StdPeriph_Driver/src/stm32f4xx_syscfg.c"
In file included from D:/Git/2019g/2019g_Launcher/Launcher/StdPeriph_Driver/inc/stm32f4xx_sdio.h:38:0,
                 from ../StdPeriph_Driver/src/stm32f4xx_sdio.c:156:
D:/Git/2019g/2019g_Launcher/Launcher/CMSIS/device/stm32f4xx.h:108:0: warning: "STM32F40_41xxx" redefined
   #define STM32F40_41xxx
 
<command-line>:0:0: note: this is the location of the previous definition
In file included from D:/Git/2019g/2019g_Launcher/Launcher/StdPeriph_Driver/inc/stm32f4xx_sai.h:38:0,
                 from ../StdPeriph_Driver/src/stm32f4xx_sai.c:126:
D:/Git/2019g/2019g_Launcher/Launcher/CMSIS/device/stm32f4xx.h:108:0: warning: "STM32F40_41xxx" redefined
   #define STM32F40_41xxx
 
<command-line>:0:0: note: this is the location of the previous definition
D:\Git\2019g\2019g_Launcher\Launcher\Debug
arm-none-eabi-gcc -mcpu=cortex-m4 -mthumb -mfloat-abi=hard -mfpu=fpv4-sp-d16 -DSTM32 -DSTM32F4 -DSTM32F405RGTx -DDEBUG -DSTM32F40XX -DSTM32F40_41xxx -DUSE_STDPERIPH_DRIVER -I"D:/Git/2019g/2019g_Launcher/Launcher/StdPeriph_Driver/inc" -I"D:/Git/2019g/2019g_Launcher/Launcher/inc" -I"D:/Git/2019g/2019g_Launcher/Launcher/CMSIS/device" -I"D:/Git/2019g/2019g_Launcher/Launcher/CMSIS/core" -O0 -g3 -Wall -fmessage-length=0 -ffunction-sections -c -MMD -MP -MF"StdPeriph_Driver/src/stm32f4xx_tim.d" -MT"StdPeriph_Driver/src/stm32f4xx_tim.o" -o "StdPeriph_Driver/src/stm32f4xx_tim.o" "../StdPeriph_Driver/src/stm32f4xx_tim.c"
In file included from D:/Git/2019g/2019g_Launcher/Launcher/StdPeriph_Driver/inc/stm32f4xx_spdifrx.h:38:0,
                 from ../StdPeriph_Driver/src/stm32f4xx_spdifrx.c:34:
D:/Git/2019g/2019g_Launcher/Launcher/CMSIS/device/stm32f4xx.h:108:0: warning: "STM32F40_41xxx" redefined
   #define STM32F40_41xxx
 
<command-line>:0:0: note: this is the location of the previous definition
In file included from D:/Git/2019g/2019g_Launcher/Launcher/StdPeriph_Driver/inc/stm32f4xx_spi.h:38:0,
                 from ../StdPeriph_Driver/src/stm32f4xx_spi.c:159:
D:/Git/2019g/2019g_Launcher/Launcher/CMSIS/device/stm32f4xx.h:108:0: warning: "STM32F40_41xxx" redefined
   #define STM32F40_41xxx
 
<command-line>:0:0: note: this is the location of the previous definition
In file included from D:/Git/2019g/2019g_Launcher/Launcher/StdPeriph_Driver/inc/stm32f4xx_syscfg.h:38:0,
                 from ../StdPeriph_Driver/src/stm32f4xx_syscfg.c:50:
D:/Git/2019g/2019g_Launcher/Launcher/CMSIS/device/stm32f4xx.h:108:0: warning: "STM32F40_41xxx" redefined
   #define STM32F40_41xxx
 
<command-line>:0:0: note: this is the location of the previous definition
In file included from D:/Git/2019g/2019g_Launcher/Launcher/StdPeriph_Driver/inc/stm32f4xx_tim.h:38:0,
                 from ../StdPeriph_Driver/src/stm32f4xx_tim.c:119:
D:/Git/2019g/2019g_Launcher/Launcher/CMSIS/device/stm32f4xx.h:108:0: warning: "STM32F40_41xxx" redefined
   #define STM32F40_41xxx
 
<command-line>:0:0: note: this is the location of the previous definition
Finished building: ../StdPeriph_Driver/src/stm32f4xx_rng.c
 
Building file: ../StdPeriph_Driver/src/stm32f4xx_usart.c
Invoking: MCU GCC Compiler
Finished building: ../StdPeriph_Driver/src/stm32f4xx_spdifrx.c
D:\Git\2019g\2019g_Launcher\Launcher\Debug
Finished building: ../StdPeriph_Driver/src/stm32f4xx_sdio.c
 
arm-none-eabi-gcc -mcpu=cortex-m4 -mthumb -mfloat-abi=hard -mfpu=fpv4-sp-d16 -DSTM32 -DSTM32F4 -DSTM32F405RGTx -DDEBUG -DSTM32F40XX -DSTM32F40_41xxx -DUSE_STDPERIPH_DRIVER -I"D:/Git/2019g/2019g_Launcher/Launcher/StdPeriph_Driver/inc" -I"D:/Git/2019g/2019g_Launcher/Launcher/inc" -I"D:/Git/2019g/2019g_Launcher/Launcher/CMSIS/device" -I"D:/Git/2019g/2019g_Launcher/Launcher/CMSIS/core" -O0 -g3 -Wall -fmessage-length=0 -ffunction-sections -c -MMD -MP -MF"StdPeriph_Driver/src/stm32f4xx_usart.d" -MT"StdPeriph_Driver/src/stm32f4xx_usart.o" -o "StdPeriph_Driver/src/stm32f4xx_usart.o" "../StdPeriph_Driver/src/stm32f4xx_usart.c"
Finished building: ../StdPeriph_Driver/src/stm32f4xx_rtc.c
Finished building: ../StdPeriph_Driver/src/stm32f4xx_sai.c
 
Building file: ../StdPeriph_Driver/src/stm32f4xx_wwdg.c
 
 
Finished building: ../StdPeriph_Driver/src/stm32f4xx_spi.c
Invoking: MCU GCC Compiler
 
Finished building: ../StdPeriph_Driver/src/stm32f4xx_syscfg.c
D:\Git\2019g\2019g_Launcher\Launcher\Debug
arm-none-eabi-gcc -mcpu=cortex-m4 -mthumb -mfloat-abi=hard -mfpu=fpv4-sp-d16 -DSTM32 -DSTM32F4 -DSTM32F405RGTx -DDEBUG -DSTM32F40XX -DSTM32F40_41xxx -DUSE_STDPERIPH_DRIVER -I"D:/Git/2019g/2019g_Launcher/Launcher/StdPeriph_Driver/inc" -I"D:/Git/2019g/2019g_Launcher/Launcher/inc" -I"D:/Git/2019g/2019g_Launcher/Launcher/CMSIS/device" -I"D:/Git/2019g/2019g_Launcher/Launcher/CMSIS/core" -O0 -g3 -Wall -fmessage-length=0 -ffunction-sections -c -MMD -MP -MF"StdPeriph_Driver/src/stm32f4xx_wwdg.d" -MT"StdPeriph_Driver/src/stm32f4xx_wwdg.o" -o "StdPeriph_Driver/src/stm32f4xx_wwdg.o" "../StdPeriph_Driver/src/stm32f4xx_wwdg.c"
 
In file included from D:/Git/2019g/2019g_Launcher/Launcher/StdPeriph_Driver/inc/stm32f4xx_usart.h:38:0,
                 from ../StdPeriph_Driver/src/stm32f4xx_usart.c:92:
D:/Git/2019g/2019g_Launcher/Launcher/CMSIS/device/stm32f4xx.h:108:0: warning: "STM32F40_41xxx" redefined
   #define STM32F40_41xxx
 
<command-line>:0:0: note: this is the location of the previous definition
In file included from D:/Git/2019g/2019g_Launcher/Launcher/StdPeriph_Driver/inc/stm32f4xx_wwdg.h:38:0,
                 from ../StdPeriph_Driver/src/stm32f4xx_wwdg.c:84:
D:/Git/2019g/2019g_Launcher/Launcher/CMSIS/device/stm32f4xx.h:108:0: warning: "STM32F40_41xxx" redefined
   #define STM32F40_41xxx
 
<command-line>:0:0: note: this is the location of the previous definition
Finished building: ../StdPeriph_Driver/src/stm32f4xx_tim.c
 
Finished building: ../StdPeriph_Driver/src/stm32f4xx_usart.c
Finished building: ../StdPeriph_Driver/src/stm32f4xx_wwdg.c
 
 
Building target: Launcher.elf
Invoking: MCU G++ Linker
arm-none-eabi-g++ -mcpu=cortex-m4 -mthumb -mfloat-abi=hard -mfpu=fpv4-sp-d16 -T"D:/Git/2019g/2019g_Launcher/Launcher/LinkerScript.ld" -Wl,-Map=output.map -Wl,--gc-sections -fno-exceptions -fno-rtti -o "Launcher.elf" @"objects.list"   -lm
Finished building target: Launcher.elf
 
C:/Ac6/SystemWorkbench/plugins/fr.ac6.mcu.externaltools.arm-none.win32_1.16.0.201807130628/tools/make/make --no-print-directory post-build
Generating binary and Printing size information:
arm-none-eabi-objcopy -O binary "Launcher.elf" "Launcher.bin"
arm-none-eabi-size "Launcher.elf"
   text	   data	    bss	    dec	    hex	filename
   1320	   1080	   1092	   3492	    da4	Launcher.elf
 
16:22:28 **** インクリメンタル・ビルド of configuration Debug for project Launcher ****
make -j8 all 
Building file: ../src/mySources/motor.cpp
Building file: ../src/main.cpp
Invoking: MCU G++ Compiler
Building file: ../src/system_stm32f4xx.c
Building file: ../StdPeriph_Driver/src/misc.c
Invoking: MCU G++ Compiler
D:\Git\2019g\2019g_Launcher\Launcher\Debug
Invoking: MCU GCC Compiler
arm-none-eabi-g++ -mcpu=cortex-m4 -mthumb -mfloat-abi=hard -mfpu=fpv4-sp-d16 -DSTM32 -DSTM32F4 -DSTM32F405RGTx -DDEBUG -DSTM32F40XX -DSTM32F40_41xxx -DUSE_STDPERIPH_DRIVER -I"D:/Git/2019g/2019g_Launcher/Launcher/StdPeriph_Driver/inc" -I"D:/Git/2019g/2019g_Launcher/Launcher/inc" -I"D:/Git/2019g/2019g_Launcher/Launcher/CMSIS/device" -I"D:/Git/2019g/2019g_Launcher/Launcher/CMSIS/core" -I"D:/Git/2019g/2019g_Launcher/Launcher/inc/myHeaders" -O0 -g3 -Wall -fmessage-length=0 -ffunction-sections -c -fno-exceptions -fno-rtti -MMD -MP -MF"src/mySources/motor.d" -MT"src/mySources/motor.o" -o "src/mySources/motor.o" "../src/mySources/motor.cpp"
Invoking: MCU GCC Compiler
Building file: ../StdPeriph_Driver/src/stm32f4xx_adc.c
D:\Git\2019g\2019g_Launcher\Launcher\Debug
arm-none-eabi-g++ -mcpu=cortex-m4 -mthumb -mfloat-abi=hard -mfpu=fpv4-sp-d16 -DSTM32 -DSTM32F4 -DSTM32F405RGTx -DDEBUG -DSTM32F40XX -DSTM32F40_41xxx -DUSE_STDPERIPH_DRIVER -I"D:/Git/2019g/2019g_Launcher/Launcher/StdPeriph_Driver/inc" -I"D:/Git/2019g/2019g_Launcher/Launcher/inc" -I"D:/Git/2019g/2019g_Launcher/Launcher/CMSIS/device" -I"D:/Git/2019g/2019g_Launcher/Launcher/CMSIS/core" -I"D:/Git/2019g/2019g_Launcher/Launcher/inc/myHeaders" -O0 -g3 -Wall -fmessage-length=0 -ffunction-sections -c -fno-exceptions -fno-rtti -MMD -MP -MF"src/main.d" -MT"src/main.o" -o "src/main.o" "../src/main.cpp"
D:\Git\2019g\2019g_Launcher\Launcher\Debug
D:\Git\2019g\2019g_Launcher\Launcher\Debug
Invoking: MCU GCC Compiler
arm-none-eabi-gcc -mcpu=cortex-m4 -mthumb -mfloat-abi=hard -mfpu=fpv4-sp-d16 -DSTM32 -DSTM32F4 -DSTM32F405RGTx -DDEBUG -DSTM32F40XX -DSTM32F40_41xxx -DUSE_STDPERIPH_DRIVER -I"D:/Git/2019g/2019g_Launcher/Launcher/StdPeriph_Driver/inc" -I"D:/Git/2019g/2019g_Launcher/Launcher/inc" -I"D:/Git/2019g/2019g_Launcher/Launcher/CMSIS/device" -I"D:/Git/2019g/2019g_Launcher/Launcher/CMSIS/core" -O0 -g3 -Wall -fmessage-length=0 -ffunction-sections -c -MMD -MP -MF"src/system_stm32f4xx.d" -MT"src/system_stm32f4xx.o" -o "src/system_stm32f4xx.o" "../src/system_stm32f4xx.c"
arm-none-eabi-gcc -mcpu=cortex-m4 -mthumb -mfloat-abi=hard -mfpu=fpv4-sp-d16 -DSTM32 -DSTM32F4 -DSTM32F405RGTx -DDEBUG -DSTM32F40XX -DSTM32F40_41xxx -DUSE_STDPERIPH_DRIVER -I"D:/Git/2019g/2019g_Launcher/Launcher/StdPeriph_Driver/inc" -I"D:/Git/2019g/2019g_Launcher/Launcher/inc" -I"D:/Git/2019g/2019g_Launcher/Launcher/CMSIS/device" -I"D:/Git/2019g/2019g_Launcher/Launcher/CMSIS/core" -O0 -g3 -Wall -fmessage-length=0 -ffunction-sections -c -MMD -MP -MF"StdPeriph_Driver/src/misc.d" -MT"StdPeriph_Driver/src/misc.o" -o "StdPeriph_Driver/src/misc.o" "../StdPeriph_Driver/src/misc.c"
Building file: ../StdPeriph_Driver/src/stm32f4xx_can.c
D:\Git\2019g\2019g_Launcher\Launcher\Debug
Invoking: MCU GCC Compiler
arm-none-eabi-gcc -mcpu=cortex-m4 -mthumb -mfloat-abi=hard -mfpu=fpv4-sp-d16 -DSTM32 -DSTM32F4 -DSTM32F405RGTx -DDEBUG -DSTM32F40XX -DSTM32F40_41xxx -DUSE_STDPERIPH_DRIVER -I"D:/Git/2019g/2019g_Launcher/Launcher/StdPeriph_Driver/inc" -I"D:/Git/2019g/2019g_Launcher/Launcher/inc" -I"D:/Git/2019g/2019g_Launcher/Launcher/CMSIS/device" -I"D:/Git/2019g/2019g_Launcher/Launcher/CMSIS/core" -O0 -g3 -Wall -fmessage-length=0 -ffunction-sections -c -MMD -MP -MF"StdPeriph_Driver/src/stm32f4xx_adc.d" -MT"StdPeriph_Driver/src/stm32f4xx_adc.o" -o "StdPeriph_Driver/src/stm32f4xx_adc.o" "../StdPeriph_Driver/src/stm32f4xx_adc.c"
Building file: ../StdPeriph_Driver/src/stm32f4xx_cec.c
Building file: ../StdPeriph_Driver/src/stm32f4xx_crc.c
D:\Git\2019g\2019g_Launcher\Launcher\Debug
arm-none-eabi-gcc -mcpu=cortex-m4 -mthumb -mfloat-abi=hard -mfpu=fpv4-sp-d16 -DSTM32 -DSTM32F4 -DSTM32F405RGTx -DDEBUG -DSTM32F40XX -DSTM32F40_41xxx -DUSE_STDPERIPH_DRIVER -I"D:/Git/2019g/2019g_Launcher/Launcher/StdPeriph_Driver/inc" -I"D:/Git/2019g/2019g_Launcher/Launcher/inc" -I"D:/Git/2019g/2019g_Launcher/Launcher/CMSIS/device" -I"D:/Git/2019g/2019g_Launcher/Launcher/CMSIS/core" -O0 -g3 -Wall -fmessage-length=0 -ffunction-sections -c -MMD -MP -MF"StdPeriph_Driver/src/stm32f4xx_can.d" -MT"StdPeriph_Driver/src/stm32f4xx_can.o" -o "StdPeriph_Driver/src/stm32f4xx_can.o" "../StdPeriph_Driver/src/stm32f4xx_can.c"
Invoking: MCU GCC Compiler
Invoking: MCU GCC Compiler
D:\Git\2019g\2019g_Launcher\Launcher\Debug
arm-none-eabi-gcc -mcpu=cortex-m4 -mthumb -mfloat-abi=hard -mfpu=fpv4-sp-d16 -DSTM32 -DSTM32F4 -DSTM32F405RGTx -DDEBUG -DSTM32F40XX -DSTM32F40_41xxx -DUSE_STDPERIPH_DRIVER -I"D:/Git/2019g/2019g_Launcher/Launcher/StdPeriph_Driver/inc" -I"D:/Git/2019g/2019g_Launcher/Launcher/inc" -I"D:/Git/2019g/2019g_Launcher/Launcher/CMSIS/device" -I"D:/Git/2019g/2019g_Launcher/Launcher/CMSIS/core" -O0 -g3 -Wall -fmessage-length=0 -ffunction-sections -c -MMD -MP -MF"StdPeriph_Driver/src/stm32f4xx_cec.d" -MT"StdPeriph_Driver/src/stm32f4xx_cec.o" -o "StdPeriph_Driver/src/stm32f4xx_cec.o" "../StdPeriph_Driver/src/stm32f4xx_cec.c"
D:\Git\2019g\2019g_Launcher\Launcher\Debug
arm-none-eabi-gcc -mcpu=cortex-m4 -mthumb -mfloat-abi=hard -mfpu=fpv4-sp-d16 -DSTM32 -DSTM32F4 -DSTM32F405RGTx -DDEBUG -DSTM32F40XX -DSTM32F40_41xxx -DUSE_STDPERIPH_DRIVER -I"D:/Git/2019g/2019g_Launcher/Launcher/StdPeriph_Driver/inc" -I"D:/Git/2019g/2019g_Launcher/Launcher/inc" -I"D:/Git/2019g/2019g_Launcher/Launcher/CMSIS/device" -I"D:/Git/2019g/2019g_Launcher/Launcher/CMSIS/core" -O0 -g3 -Wall -fmessage-length=0 -ffunction-sections -c -MMD -MP -MF"StdPeriph_Driver/src/stm32f4xx_crc.d" -MT"StdPeriph_Driver/src/stm32f4xx_crc.o" -o "StdPeriph_Driver/src/stm32f4xx_crc.o" "../StdPeriph_Driver/src/stm32f4xx_crc.c"
../src/mySources/motor.cpp: In member function 'constexpr uint16_t motorControl::prescara(uint16_t, uint16_t) const':
../src/mySources/motor.cpp:26:1: warning: no return statement in function returning non-void [-Wreturn-type]
 }
 ^
../src/system_stm32f4xx.c: In function 'SetSysClock':
../src/system_stm32f4xx.c:760:5: warning: this 'while' clause does not guard... [-Wmisleading-indentation]
     while ((RCC->CFGR & (uint32_t)RCC_CFGR_SWS ) != RCC_CFGR_SWS_PLL);
     ^~~~~
../src/system_stm32f4xx.c:761:5: note: ...this statement, but the latter is misleadingly indented as if it were guarded by the 'while'
     {
     ^
Finished building: ../src/main.cpp
 
Finished building: ../src/mySources/motor.cpp
Finished building: ../StdPeriph_Driver/src/misc.c
Finished building: ../src/system_stm32f4xx.c
Building file: ../StdPeriph_Driver/src/stm32f4xx_cryp.c
 
 
 
Invoking: MCU GCC Compiler
Building file: ../StdPeriph_Driver/src/stm32f4xx_cryp_aes.c
Building file: ../StdPeriph_Driver/src/stm32f4xx_cryp_des.c
Building file: ../StdPeriph_Driver/src/stm32f4xx_cryp_tdes.c
D:\Git\2019g\2019g_Launcher\Launcher\Debug
Invoking: MCU GCC Compiler
arm-none-eabi-gcc -mcpu=cortex-m4 -mthumb -mfloat-abi=hard -mfpu=fpv4-sp-d16 -DSTM32 -DSTM32F4 -DSTM32F405RGTx -DDEBUG -DSTM32F40XX -DSTM32F40_41xxx -DUSE_STDPERIPH_DRIVER -I"D:/Git/2019g/2019g_Launcher/Launcher/StdPeriph_Driver/inc" -I"D:/Git/2019g/2019g_Launcher/Launcher/inc" -I"D:/Git/2019g/2019g_Launcher/Launcher/CMSIS/device" -I"D:/Git/2019g/2019g_Launcher/Launcher/CMSIS/core" -O0 -g3 -Wall -fmessage-length=0 -ffunction-sections -c -MMD -MP -MF"StdPeriph_Driver/src/stm32f4xx_cryp.d" -MT"StdPeriph_Driver/src/stm32f4xx_cryp.o" -o "StdPeriph_Driver/src/stm32f4xx_cryp.o" "../StdPeriph_Driver/src/stm32f4xx_cryp.c"
Finished building: ../StdPeriph_Driver/src/stm32f4xx_cec.c
Invoking: MCU GCC Compiler
Finished building: ../StdPeriph_Driver/src/stm32f4xx_crc.c
Invoking: MCU GCC Compiler
Finished building: ../StdPeriph_Driver/src/stm32f4xx_adc.c
D:\Git\2019g\2019g_Launcher\Launcher\Debug
 
D:\Git\2019g\2019g_Launcher\Launcher\Debug
arm-none-eabi-gcc -mcpu=cortex-m4 -mthumb -mfloat-abi=hard -mfpu=fpv4-sp-d16 -DSTM32 -DSTM32F4 -DSTM32F405RGTx -DDEBUG -DSTM32F40XX -DSTM32F40_41xxx -DUSE_STDPERIPH_DRIVER -I"D:/Git/2019g/2019g_Launcher/Launcher/StdPeriph_Driver/inc" -I"D:/Git/2019g/2019g_Launcher/Launcher/inc" -I"D:/Git/2019g/2019g_Launcher/Launcher/CMSIS/device" -I"D:/Git/2019g/2019g_Launcher/Launcher/CMSIS/core" -O0 -g3 -Wall -fmessage-length=0 -ffunction-sections -c -MMD -MP -MF"StdPeriph_Driver/src/stm32f4xx_cryp_aes.d" -MT"StdPeriph_Driver/src/stm32f4xx_cryp_aes.o" -o "StdPeriph_Driver/src/stm32f4xx_cryp_aes.o" "../StdPeriph_Driver/src/stm32f4xx_cryp_aes.c"
 
D:\Git\2019g\2019g_Launcher\Launcher\Debug
 
arm-none-eabi-gcc -mcpu=cortex-m4 -mthumb -mfloat-abi=hard -mfpu=fpv4-sp-d16 -DSTM32 -DSTM32F4 -DSTM32F405RGTx -DDEBUG -DSTM32F40XX -DSTM32F40_41xxx -DUSE_STDPERIPH_DRIVER -I"D:/Git/2019g/2019g_Launcher/Launcher/StdPeriph_Driver/inc" -I"D:/Git/2019g/2019g_Launcher/Launcher/inc" -I"D:/Git/2019g/2019g_Launcher/Launcher/CMSIS/device" -I"D:/Git/2019g/2019g_Launcher/Launcher/CMSIS/core" -O0 -g3 -Wall -fmessage-length=0 -ffunction-sections -c -MMD -MP -MF"StdPeriph_Driver/src/stm32f4xx_cryp_des.d" -MT"StdPeriph_Driver/src/stm32f4xx_cryp_des.o" -o "StdPeriph_Driver/src/stm32f4xx_cryp_des.o" "../StdPeriph_Driver/src/stm32f4xx_cryp_des.c"
arm-none-eabi-gcc -mcpu=cortex-m4 -mthumb -mfloat-abi=hard -mfpu=fpv4-sp-d16 -DSTM32 -DSTM32F4 -DSTM32F405RGTx -DDEBUG -DSTM32F40XX -DSTM32F40_41xxx -DUSE_STDPERIPH_DRIVER -I"D:/Git/2019g/2019g_Launcher/Launcher/StdPeriph_Driver/inc" -I"D:/Git/2019g/2019g_Launcher/Launcher/inc" -I"D:/Git/2019g/2019g_Launcher/Launcher/CMSIS/device" -I"D:/Git/2019g/2019g_Launcher/Launcher/CMSIS/core" -O0 -g3 -Wall -fmessage-length=0 -ffunction-sections -c -MMD -MP -MF"StdPeriph_Driver/src/stm32f4xx_cryp_tdes.d" -MT"StdPeriph_Driver/src/stm32f4xx_cryp_tdes.o" -o "StdPeriph_Driver/src/stm32f4xx_cryp_tdes.o" "../StdPeriph_Driver/src/stm32f4xx_cryp_tdes.c"
Building file: ../StdPeriph_Driver/src/stm32f4xx_dac.c
Finished building: ../StdPeriph_Driver/src/stm32f4xx_can.c
Building file: ../StdPeriph_Driver/src/stm32f4xx_dbgmcu.c
Invoking: MCU GCC Compiler
Building file: ../StdPeriph_Driver/src/stm32f4xx_dcmi.c
 
Invoking: MCU GCC Compiler
D:\Git\2019g\2019g_Launcher\Launcher\Debug
arm-none-eabi-gcc -mcpu=cortex-m4 -mthumb -mfloat-abi=hard -mfpu=fpv4-sp-d16 -DSTM32 -DSTM32F4 -DSTM32F405RGTx -DDEBUG -DSTM32F40XX -DSTM32F40_41xxx -DUSE_STDPERIPH_DRIVER -I"D:/Git/2019g/2019g_Launcher/Launcher/StdPeriph_Driver/inc" -I"D:/Git/2019g/2019g_Launcher/Launcher/inc" -I"D:/Git/2019g/2019g_Launcher/Launcher/CMSIS/device" -I"D:/Git/2019g/2019g_Launcher/Launcher/CMSIS/core" -O0 -g3 -Wall -fmessage-length=0 -ffunction-sections -c -MMD -MP -MF"StdPeriph_Driver/src/stm32f4xx_dac.d" -MT"StdPeriph_Driver/src/stm32f4xx_dac.o" -o "StdPeriph_Driver/src/stm32f4xx_dac.o" "../StdPeriph_Driver/src/stm32f4xx_dac.c"
Invoking: MCU GCC Compiler
Building file: ../StdPeriph_Driver/src/stm32f4xx_dfsdm.c
D:\Git\2019g\2019g_Launcher\Launcher\Debug
D:\Git\2019g\2019g_Launcher\Launcher\Debug
arm-none-eabi-gcc -mcpu=cortex-m4 -mthumb -mfloat-abi=hard -mfpu=fpv4-sp-d16 -DSTM32 -DSTM32F4 -DSTM32F405RGTx -DDEBUG -DSTM32F40XX -DSTM32F40_41xxx -DUSE_STDPERIPH_DRIVER -I"D:/Git/2019g/2019g_Launcher/Launcher/StdPeriph_Driver/inc" -I"D:/Git/2019g/2019g_Launcher/Launcher/inc" -I"D:/Git/2019g/2019g_Launcher/Launcher/CMSIS/device" -I"D:/Git/2019g/2019g_Launcher/Launcher/CMSIS/core" -O0 -g3 -Wall -fmessage-length=0 -ffunction-sections -c -MMD -MP -MF"StdPeriph_Driver/src/stm32f4xx_dbgmcu.d" -MT"StdPeriph_Driver/src/stm32f4xx_dbgmcu.o" -o "StdPeriph_Driver/src/stm32f4xx_dbgmcu.o" "../StdPeriph_Driver/src/stm32f4xx_dbgmcu.c"
Invoking: MCU GCC Compiler
arm-none-eabi-gcc -mcpu=cortex-m4 -mthumb -mfloat-abi=hard -mfpu=fpv4-sp-d16 -DSTM32 -DSTM32F4 -DSTM32F405RGTx -DDEBUG -DSTM32F40XX -DSTM32F40_41xxx -DUSE_STDPERIPH_DRIVER -I"D:/Git/2019g/2019g_Launcher/Launcher/StdPeriph_Driver/inc" -I"D:/Git/2019g/2019g_Launcher/Launcher/inc" -I"D:/Git/2019g/2019g_Launcher/Launcher/CMSIS/device" -I"D:/Git/2019g/2019g_Launcher/Launcher/CMSIS/core" -O0 -g3 -Wall -fmessage-length=0 -ffunction-sections -c -MMD -MP -MF"StdPeriph_Driver/src/stm32f4xx_dcmi.d" -MT"StdPeriph_Driver/src/stm32f4xx_dcmi.o" -o "StdPeriph_Driver/src/stm32f4xx_dcmi.o" "../StdPeriph_Driver/src/stm32f4xx_dcmi.c"
D:\Git\2019g\2019g_Launcher\Launcher\Debug
arm-none-eabi-gcc -mcpu=cortex-m4 -mthumb -mfloat-abi=hard -mfpu=fpv4-sp-d16 -DSTM32 -DSTM32F4 -DSTM32F405RGTx -DDEBUG -DSTM32F40XX -DSTM32F40_41xxx -DUSE_STDPERIPH_DRIVER -I"D:/Git/2019g/2019g_Launcher/Launcher/StdPeriph_Driver/inc" -I"D:/Git/2019g/2019g_Launcher/Launcher/inc" -I"D:/Git/2019g/2019g_Launcher/Launcher/CMSIS/device" -I"D:/Git/2019g/2019g_Launcher/Launcher/CMSIS/core" -O0 -g3 -Wall -fmessage-length=0 -ffunction-sections -c -MMD -MP -MF"StdPeriph_Driver/src/stm32f4xx_dfsdm.d" -MT"StdPeriph_Driver/src/stm32f4xx_dfsdm.o" -o "StdPeriph_Driver/src/stm32f4xx_dfsdm.o" "../StdPeriph_Driver/src/stm32f4xx_dfsdm.c"
Finished building: ../StdPeriph_Driver/src/stm32f4xx_cryp_des.c
Finished building: ../StdPeriph_Driver/src/stm32f4xx_cryp.c
Finished building: ../StdPeriph_Driver/src/stm32f4xx_cryp_tdes.c
 
 
 
Finished building: ../StdPeriph_Driver/src/stm32f4xx_dac.c
Building file: ../StdPeriph_Driver/src/stm32f4xx_dma.c
Building file: ../StdPeriph_Driver/src/stm32f4xx_dma2d.c
Building file: ../StdPeriph_Driver/src/stm32f4xx_dsi.c
Invoking: MCU GCC Compiler
 
Invoking: MCU GCC Compiler
Invoking: MCU GCC Compiler
Building file: ../StdPeriph_Driver/src/stm32f4xx_exti.c
D:\Git\2019g\2019g_Launcher\Launcher\Debug
D:\Git\2019g\2019g_Launcher\Launcher\Debug
D:\Git\2019g\2019g_Launcher\Launcher\Debug
arm-none-eabi-gcc -mcpu=cortex-m4 -mthumb -mfloat-abi=hard -mfpu=fpv4-sp-d16 -DSTM32 -DSTM32F4 -DSTM32F405RGTx -DDEBUG -DSTM32F40XX -DSTM32F40_41xxx -DUSE_STDPERIPH_DRIVER -I"D:/Git/2019g/2019g_Launcher/Launcher/StdPeriph_Driver/inc" -I"D:/Git/2019g/2019g_Launcher/Launcher/inc" -I"D:/Git/2019g/2019g_Launcher/Launcher/CMSIS/device" -I"D:/Git/2019g/2019g_Launcher/Launcher/CMSIS/core" -O0 -g3 -Wall -fmessage-length=0 -ffunction-sections -c -MMD -MP -MF"StdPeriph_Driver/src/stm32f4xx_dma.d" -MT"StdPeriph_Driver/src/stm32f4xx_dma.o" -o "StdPeriph_Driver/src/stm32f4xx_dma.o" "../StdPeriph_Driver/src/stm32f4xx_dma.c"
arm-none-eabi-gcc -mcpu=cortex-m4 -mthumb -mfloat-abi=hard -mfpu=fpv4-sp-d16 -DSTM32 -DSTM32F4 -DSTM32F405RGTx -DDEBUG -DSTM32F40XX -DSTM32F40_41xxx -DUSE_STDPERIPH_DRIVER -I"D:/Git/2019g/2019g_Launcher/Launcher/StdPeriph_Driver/inc" -I"D:/Git/2019g/2019g_Launcher/Launcher/inc" -I"D:/Git/2019g/2019g_Launcher/Launcher/CMSIS/device" -I"D:/Git/2019g/2019g_Launcher/Launcher/CMSIS/core" -O0 -g3 -Wall -fmessage-length=0 -ffunction-sections -c -MMD -MP -MF"StdPeriph_Driver/src/stm32f4xx_dma2d.d" -MT"StdPeriph_Driver/src/stm32f4xx_dma2d.o" -o "StdPeriph_Driver/src/stm32f4xx_dma2d.o" "../StdPeriph_Driver/src/stm32f4xx_dma2d.c"
arm-none-eabi-gcc -mcpu=cortex-m4 -mthumb -mfloat-abi=hard -mfpu=fpv4-sp-d16 -DSTM32 -DSTM32F4 -DSTM32F405RGTx -DDEBUG -DSTM32F40XX -DSTM32F40_41xxx -DUSE_STDPERIPH_DRIVER -I"D:/Git/2019g/2019g_Launcher/Launcher/StdPeriph_Driver/inc" -I"D:/Git/2019g/2019g_Launcher/Launcher/inc" -I"D:/Git/2019g/2019g_Launcher/Launcher/CMSIS/device" -I"D:/Git/2019g/2019g_Launcher/Launcher/CMSIS/core" -O0 -g3 -Wall -fmessage-length=0 -ffunction-sections -c -MMD -MP -MF"StdPeriph_Driver/src/stm32f4xx_dsi.d" -MT"StdPeriph_Driver/src/stm32f4xx_dsi.o" -o "StdPeriph_Driver/src/stm32f4xx_dsi.o" "../StdPeriph_Driver/src/stm32f4xx_dsi.c"
Invoking: MCU GCC Compiler
Finished building: ../StdPeriph_Driver/src/stm32f4xx_cryp_aes.c
 
D:\Git\2019g\2019g_Launcher\Launcher\Debug
arm-none-eabi-gcc -mcpu=cortex-m4 -mthumb -mfloat-abi=hard -mfpu=fpv4-sp-d16 -DSTM32 -DSTM32F4 -DSTM32F405RGTx -DDEBUG -DSTM32F40XX -DSTM32F40_41xxx -DUSE_STDPERIPH_DRIVER -I"D:/Git/2019g/2019g_Launcher/Launcher/StdPeriph_Driver/inc" -I"D:/Git/2019g/2019g_Launcher/Launcher/inc" -I"D:/Git/2019g/2019g_Launcher/Launcher/CMSIS/device" -I"D:/Git/2019g/2019g_Launcher/Launcher/CMSIS/core" -O0 -g3 -Wall -fmessage-length=0 -ffunction-sections -c -MMD -MP -MF"StdPeriph_Driver/src/stm32f4xx_exti.d" -MT"StdPeriph_Driver/src/stm32f4xx_exti.o" -o "StdPeriph_Driver/src/stm32f4xx_exti.o" "../StdPeriph_Driver/src/stm32f4xx_exti.c"
Building file: ../StdPeriph_Driver/src/stm32f4xx_flash.c
Finished building: ../StdPeriph_Driver/src/stm32f4xx_dbgmcu.c
Invoking: MCU GCC Compiler
 
D:\Git\2019g\2019g_Launcher\Launcher\Debug
arm-none-eabi-gcc -mcpu=cortex-m4 -mthumb -mfloat-abi=hard -mfpu=fpv4-sp-d16 -DSTM32 -DSTM32F4 -DSTM32F405RGTx -DDEBUG -DSTM32F40XX -DSTM32F40_41xxx -DUSE_STDPERIPH_DRIVER -I"D:/Git/2019g/2019g_Launcher/Launcher/StdPeriph_Driver/inc" -I"D:/Git/2019g/2019g_Launcher/Launcher/inc" -I"D:/Git/2019g/2019g_Launcher/Launcher/CMSIS/device" -I"D:/Git/2019g/2019g_Launcher/Launcher/CMSIS/core" -O0 -g3 -Wall -fmessage-length=0 -ffunction-sections -c -MMD -MP -MF"StdPeriph_Driver/src/stm32f4xx_flash.d" -MT"StdPeriph_Driver/src/stm32f4xx_flash.o" -o "StdPeriph_Driver/src/stm32f4xx_flash.o" "../StdPeriph_Driver/src/stm32f4xx_flash.c"
Building file: ../StdPeriph_Driver/src/stm32f4xx_flash_ramfunc.c
Invoking: MCU GCC Compiler
Finished building: ../StdPeriph_Driver/src/stm32f4xx_dfsdm.c
D:\Git\2019g\2019g_Launcher\Launcher\Debug
arm-none-eabi-gcc -mcpu=cortex-m4 -mthumb -mfloat-abi=hard -mfpu=fpv4-sp-d16 -DSTM32 -DSTM32F4 -DSTM32F405RGTx -DDEBUG -DSTM32F40XX -DSTM32F40_41xxx -DUSE_STDPERIPH_DRIVER -I"D:/Git/2019g/2019g_Launcher/Launcher/StdPeriph_Driver/inc" -I"D:/Git/2019g/2019g_Launcher/Launcher/inc" -I"D:/Git/2019g/2019g_Launcher/Launcher/CMSIS/device" -I"D:/Git/2019g/2019g_Launcher/Launcher/CMSIS/core" -O0 -g3 -Wall -fmessage-length=0 -ffunction-sections -c -MMD -MP -MF"StdPeriph_Driver/src/stm32f4xx_flash_ramfunc.d" -MT"StdPeriph_Driver/src/stm32f4xx_flash_ramfunc.o" -o "StdPeriph_Driver/src/stm32f4xx_flash_ramfunc.o" "../StdPeriph_Driver/src/stm32f4xx_flash_ramfunc.c"
Finished building: ../StdPeriph_Driver/src/stm32f4xx_dcmi.c
 
 
Building file: ../StdPeriph_Driver/src/stm32f4xx_fmc.c
Building file: ../StdPeriph_Driver/src/stm32f4xx_fmip2c.c
Invoking: MCU GCC Compiler
Invoking: MCU GCC Compiler
D:\Git\2019g\2019g_Launcher\Launcher\Debug
[...]
Building file: ../StdPeriph_Driver/src/stm32f4xx_gpio.c
D:\Git\2019g\2019g_Launcher\Launcher\Debug
Building file: ../StdPeriph_Driver/src/stm32f4xx_hash.c
arm-none-eabi-gcc -mcpu=cortex-m4 -mthumb -mfloat-abi=hard -mfpu=fpv4-sp-d16 -DSTM32 -DSTM32F4 -DSTM32F405RGTx -DDEBUG -DSTM32F40XX -DSTM32F40_41xxx -DUSE_STDPERIPH_DRIVER -I"D:/Git/2019g/2019g_Launcher/Launcher/StdPeriph_Driver/inc" -I"D:/Git/2019g/2019g_Launcher/Launcher/inc" -I"D:/Git/2019g/2019g_Launcher/Launcher/CMSIS/device" -I"D:/Git/2019g/2019g_Launcher/Launcher/CMSIS/core" -O0 -g3 -Wall -fmessage-length=0 -ffunction-sections -c -MMD -MP -MF"StdPeriph_Driver/src/stm32f4xx_fmip2c.d" -MT"StdPeriph_Driver/src/stm32f4xx_fmip2c.o" -o "StdPeriph_Driver/src/stm32f4xx_fmip2c.o" "../StdPeriph_Driver/src/stm32f4xx_fmip2c.c"
Invoking: MCU GCC Compiler
Invoking: MCU GCC Compiler
D:\Git\2019g\2019g_Launcher\Launcher\Debug
Invoking: MCU GCC Compiler
arm-none-eabi-gcc -mcpu=cortex-m4 -mthumb -mfloat-abi=hard -mfpu=fpv4-sp-d16 -DSTM32 -DSTM32F4 -DSTM32F405RGTx -DDEBUG -DSTM32F40XX -DSTM32F40_41xxx -DUSE_STDPERIPH_DRIVER -I"D:/Git/2019g/2019g_Launcher/Launcher/StdPeriph_Driver/inc" -I"D:/Git/2019g/2019g_Launcher/Launcher/inc" -I"D:/Git/2019g/2019g_Launcher/Launcher/CMSIS/device" -I"D:/Git/2019g/2019g_Launcher/Launcher/CMSIS/core" -O0 -g3 -Wall -fmessage-length=0 -ffunction-sections -c -MMD -MP -MF"StdPeriph_Driver/src/stm32f4xx_fsmc.d" -MT"StdPeriph_Driver/src/stm32f4xx_fsmc.o" -o "StdPeriph_Driver/src/stm32f4xx_fsmc.o" "../StdPeriph_Driver/src/stm32f4xx_fsmc.c"
D:\Git\2019g\2019g_Launcher\Launcher\Debug
D:\Git\2019g\2019g_Launcher\Launcher\Debug
arm-none-eabi-gcc -mcpu=cortex-m4 -mthumb -mfloat-abi=hard -mfpu=fpv4-sp-d16 -DSTM32 -DSTM32F4 -DSTM32F405RGTx -DDEBUG -DSTM32F40XX -DSTM32F40_41xxx -DUSE_STDPERIPH_DRIVER -I"D:/Git/2019g/2019g_Launcher/Launcher/StdPeriph_Driver/inc" -I"D:/Git/2019g/2019g_Launcher/Launcher/inc" -I"D:/Git/2019g/2019g_Launcher/Launcher/CMSIS/device" -I"D:/Git/2019g/2019g_Launcher/Launcher/CMSIS/core" -O0 -g3 -Wall -fmessage-length=0 -ffunction-sections -c -MMD -MP -MF"StdPeriph_Driver/src/stm32f4xx_hash.d" -MT"StdPeriph_Driver/src/stm32f4xx_hash.o" -o "StdPeriph_Driver/src/stm32f4xx_hash.o" "../StdPeriph_Driver/src/stm32f4xx_hash.c"
arm-none-eabi-gcc -mcpu=cortex-m4 -mthumb -mfloat-abi=hard -mfpu=fpv4-sp-d16 -DSTM32 -DSTM32F4 -DSTM32F405RGTx -DDEBUG -DSTM32F40XX -DSTM32F40_41xxx -DUSE_STDPERIPH_DRIVER -I"D:/Git/2019g/2019g_Launcher/Launcher/StdPeriph_Driver/inc" -I"D:/Git/2019g/2019g_Launcher/Launcher/inc" -I"D:/Git/2019g/2019g_Launcher/Launcher/CMSIS/device" -I"D:/Git/2019g/2019g_Launcher/Launcher/CMSIS/core" -O0 -g3 -Wall -fmessage-length=0 -ffunction-sections -c -MMD -MP -MF"StdPeriph_Driver/src/stm32f4xx_gpio.d" -MT"StdPeriph_Driver/src/stm32f4xx_gpio.o" -o "StdPeriph_Driver/src/stm32f4xx_gpio.o" "../StdPeriph_Driver/src/stm32f4xx_gpio.c"
Finished building: ../StdPeriph_Driver/src/stm32f4xx_exti.c
 
Building file: ../StdPeriph_Driver/src/stm32f4xx_hash_md5.c
Finished building: ../StdPeriph_Driver/src/stm32f4xx_flash_ramfunc.c
Invoking: MCU GCC Compiler
 
D:\Git\2019g\2019g_Launcher\Launcher\Debug
Building file: ../StdPeriph_Driver/src/stm32f4xx_hash_sha1.c
Finished building: ../StdPeriph_Driver/src/stm32f4xx_flash.c
arm-none-eabi-gcc -mcpu=cortex-m4 -mthumb -mfloat-abi=hard -mfpu=fpv4-sp-d16 -DSTM32 -DSTM32F4 -DSTM32F405RGTx -DDEBUG -DSTM32F40XX -DSTM32F40_41xxx -DUSE_STDPERIPH_DRIVER -I"D:/Git/2019g/2019g_Launcher/Launcher/StdPeriph_Driver/inc" -I"D:/Git/2019g/2019g_Launcher/Launcher/inc" -I"D:/Git/2019g/2019g_Launcher/Launcher/CMSIS/device" -I"D:/Git/2019g/2019g_Launcher/Launcher/CMSIS/core" -O0 -g3 -Wall -fmessage-length=0 -ffunction-sections -c -MMD -MP -MF"StdPeriph_Driver/src/stm32f4xx_hash_md5.d" -MT"StdPeriph_Driver/src/stm32f4xx_hash_md5.o" -o "StdPeriph_Driver/src/stm32f4xx_hash_md5.o" "../StdPeriph_Driver/src/stm32f4xx_hash_md5.c"
Invoking: MCU GCC Compiler
 
D:\Git\2019g\2019g_Launcher\Launcher\Debug
Building file: ../StdPeriph_Driver/src/stm32f4xx_i2c.c
arm-none-eabi-gcc -mcpu=cortex-m4 -mthumb -mfloat-abi=hard -mfpu=fpv4-sp-d16 -DSTM32 -DSTM32F4 -DSTM32F405RGTx -DDEBUG -DSTM32F40XX -DSTM32F40_41xxx -DUSE_STDPERIPH_DRIVER -I"D:/Git/2019g/2019g_Launcher/Launcher/StdPeriph_Driver/inc" -I"D:/Git/2019g/2019g_Launcher/Launcher/inc" -I"D:/Git/2019g/2019g_Launcher/Launcher/CMSIS/device" -I"D:/Git/2019g/2019g_Launcher/Launcher/CMSIS/core" -O0 -g3 -Wall -fmessage-length=0 -ffunction-sections -c -MMD -MP -MF"StdPeriph_Driver/src/stm32f4xx_hash_sha1.d" -MT"StdPeriph_Driver/src/stm32f4xx_hash_sha1.o" -o "StdPeriph_Driver/src/stm32f4xx_hash_sha1.o" "../StdPeriph_Driver/src/stm32f4xx_hash_sha1.c"
Invoking: MCU GCC Compiler
D:\Git\2019g\2019g_Launcher\Launcher\Debug
arm-none-eabi-gcc -mcpu=cortex-m4 -mthumb -mfloat-abi=hard -mfpu=fpv4-sp-d16 -DSTM32 -DSTM32F4 -DSTM32F405RGTx -DDEBUG -DSTM32F40XX -DSTM32F40_41xxx -DUSE_STDPERIPH_DRIVER -I"D:/Git/2019g/2019g_Launcher/Launcher/StdPeriph_Driver/inc" -I"D:/Git/2019g/2019g_Launcher/Launcher/inc" -I"D:/Git/2019g/2019g_Launcher/Launcher/CMSIS/device" -I"D:/Git/2019g/2019g_Launcher/Launcher/CMSIS/core" -O0 -g3 -Wall -fmessage-length=0 -ffunction-sections -c -MMD -MP -MF"StdPeriph_Driver/src/stm32f4xx_i2c.d" -MT"StdPeriph_Driver/src/stm32f4xx_i2c.o" -o "StdPeriph_Driver/src/stm32f4xx_i2c.o" "../StdPeriph_Driver/src/stm32f4xx_i2c.c"
Finished building: ../StdPeriph_Driver/src/stm32f4xx_fmip2c.c
 
Finished building: ../StdPeriph_Driver/src/stm32f4xx_fmc.c
Building file: ../StdPeriph_Driver/src/stm32f4xx_iwdg.c
 
Building file: ../StdPeriph_Driver/src/stm32f4xx_lptim.c
Invoking: MCU GCC Compiler
D:\Git\2019g\2019g_Launcher\Launcher\Debug
Invoking: MCU GCC Compiler
arm-none-eabi-gcc -mcpu=cortex-m4 -mthumb -mfloat-abi=hard -mfpu=fpv4-sp-d16 -DSTM32 -DSTM32F4 -DSTM32F405RGTx -DDEBUG -DSTM32F40XX -DSTM32F40_41xxx -DUSE_STDPERIPH_DRIVER -I"D:/Git/2019g/2019g_Launcher/Launcher/StdPeriph_Driver/inc" -I"D:/Git/2019g/2019g_Launcher/Launcher/inc" -I"D:/Git/2019g/2019g_Launcher/Launcher/CMSIS/device" -I"D:/Git/2019g/2019g_Launcher/Launcher/CMSIS/core" -O0 -g3 -Wall -fmessage-length=0 -ffunction-sections -c -MMD -MP -MF"StdPeriph_Driver/src/stm32f4xx_iwdg.d" -MT"StdPeriph_Driver/src/stm32f4xx_iwdg.o" -o "StdPeriph_Driver/src/stm32f4xx_iwdg.o" "../StdPeriph_Driver/src/stm32f4xx_iwdg.c"
Finished building: ../StdPeriph_Driver/src/stm32f4xx_fsmc.c
Finished building: ../StdPeriph_Driver/src/stm32f4xx_hash.c
Finished building: ../StdPeriph_Driver/src/stm32f4xx_gpio.c
D:\Git\2019g\2019g_Launcher\Launcher\Debug
arm-none-eabi-gcc -mcpu=cortex-m4 -mthumb -mfloat-abi=hard -mfpu=fpv4-sp-d16 -DSTM32 -DSTM32F4 -DSTM32F405RGTx -DDEBUG -DSTM32F40XX -DSTM32F40_41xxx -DUSE_STDPERIPH_DRIVER -I"D:/Git/2019g/2019g_Launcher/Launcher/StdPeriph_Driver/inc" -I"D:/Git/2019g/2019g_Launcher/Launcher/inc" -I"D:/Git/2019g/2019g_Launcher/Launcher/CMSIS/device" -I"D:/Git/2019g/2019g_Launcher/Launcher/CMSIS/core" -O0 -g3 -Wall -fmessage-length=0 -ffunction-sections -c -MMD -MP -MF"StdPeriph_Driver/src/stm32f4xx_lptim.d" -MT"StdPeriph_Driver/src/stm32f4xx_lptim.o" -o "StdPeriph_Driver/src/stm32f4xx_lptim.o" "../StdPeriph_Driver/src/stm32f4xx_lptim.c"
 
 
 
Building file: ../StdPeriph_Driver/src/stm32f4xx_ltdc.c
Building file: ../StdPeriph_Driver/src/stm32f4xx_pwr.c
Building file: ../StdPeriph_Driver/src/stm32f4xx_qspi.c
Invoking: MCU GCC Compiler
Invoking: MCU GCC Compiler
Invoking: MCU GCC Compiler
D:\Git\2019g\2019g_Launcher\Launcher\Debug
D:\Git\2019g\2019g_Launcher\Launcher\Debug
D:\Git\2019g\2019g_Launcher\Launcher\Debug
arm-none-eabi-gcc -mcpu=cortex-m4 -mthumb -mfloat-abi=hard -mfpu=fpv4-sp-d16 -DSTM32 -DSTM32F4 -DSTM32F405RGTx -DDEBUG -DSTM32F40XX -DSTM32F40_41xxx -DUSE_STDPERIPH_DRIVER -I"D:/Git/2019g/2019g_Launcher/Launcher/StdPeriph_Driver/inc" -I"D:/Git/2019g/2019g_Launcher/Launcher/inc" -I"D:/Git/2019g/2019g_Launcher/Launcher/CMSIS/device" -I"D:/Git/2019g/2019g_Launcher/Launcher/CMSIS/core" -O0 -g3 -Wall -fmessage-length=0 -ffunction-sections -c -MMD -MP -MF"StdPeriph_Driver/src/stm32f4xx_pwr.d" -MT"StdPeriph_Driver/src/stm32f4xx_pwr.o" -o "StdPeriph_Driver/src/stm32f4xx_pwr.o" "../StdPeriph_Driver/src/stm32f4xx_pwr.c"
arm-none-eabi-gcc -mcpu=cortex-m4 -mthumb -mfloat-abi=hard -mfpu=fpv4-sp-d16 -DSTM32 -DSTM32F4 -DSTM32F405RGTx -DDEBUG -DSTM32F40XX -DSTM32F40_41xxx -DUSE_STDPERIPH_DRIVER -I"D:/Git/2019g/2019g_Launcher/Launcher/StdPeriph_Driver/inc" -I"D:/Git/2019g/2019g_Launcher/Launcher/inc" -I"D:/Git/2019g/2019g_Launcher/Launcher/CMSIS/device" -I"D:/Git/2019g/2019g_Launcher/Launcher/CMSIS/core" -O0 -g3 -Wall -fmessage-length=0 -ffunction-sections -c -MMD -MP -MF"StdPeriph_Driver/src/stm32f4xx_qspi.d" -MT"StdPeriph_Driver/src/stm32f4xx_qspi.o" -o "StdPeriph_Driver/src/stm32f4xx_qspi.o" "../StdPeriph_Driver/src/stm32f4xx_qspi.c"
arm-none-eabi-gcc -mcpu=cortex-m4 -mthumb -mfloat-abi=hard -mfpu=fpv4-sp-d16 -DSTM32 -DSTM32F4 -DSTM32F405RGTx -DDEBUG -DSTM32F40XX -DSTM32F40_41xxx -DUSE_STDPERIPH_DRIVER -I"D:/Git/2019g/2019g_Launcher/Launcher/StdPeriph_Driver/inc" -I"D:/Git/2019g/2019g_Launcher/Launcher/inc" -I"D:/Git/2019g/2019g_Launcher/Launcher/CMSIS/device" -I"D:/Git/2019g/2019g_Launcher/Launcher/CMSIS/core" -O0 -g3 -Wall -fmessage-length=0 -ffunction-sections -c -MMD -MP -MF"StdPeriph_Driver/src/stm32f4xx_ltdc.d" -MT"StdPeriph_Driver/src/stm32f4xx_ltdc.o" -o "StdPeriph_Driver/src/stm32f4xx_ltdc.o" "../StdPeriph_Driver/src/stm32f4xx_ltdc.c"
Finished building: ../StdPeriph_Driver/src/stm32f4xx_hash_md5.c
 
Finished building: ../StdPeriph_Driver/src/stm32f4xx_hash_sha1.c
 
Building file: ../StdPeriph_Driver/src/stm32f4xx_rcc.c
Invoking: MCU GCC Compiler
Building file: ../StdPeriph_Driver/src/stm32f4xx_rng.c
D:\Git\2019g\2019g_Launcher\Launcher\Debug
arm-none-eabi-gcc -mcpu=cortex-m4 -mthumb -mfloat-abi=hard -mfpu=fpv4-sp-d16 -DSTM32 -DSTM32F4 -DSTM32F405RGTx -DDEBUG -DSTM32F40XX -DSTM32F40_41xxx -DUSE_STDPERIPH_DRIVER -I"D:/Git/2019g/2019g_Launcher/Launcher/StdPeriph_Driver/inc" -I"D:/Git/2019g/2019g_Launcher/Launcher/inc" -I"D:/Git/2019g/2019g_Launcher/Launcher/CMSIS/device" -I"D:/Git/2019g/2019g_Launcher/Launcher/CMSIS/core" -O0 -g3 -Wall -fmessage-length=0 -ffunction-sections -c -MMD -MP -MF"StdPeriph_Driver/src/stm32f4xx_rcc.d" -MT"StdPeriph_Driver/src/stm32f4xx_rcc.o" -o "StdPeriph_Driver/src/stm32f4xx_rcc.o" "../StdPeriph_Driver/src/stm32f4xx_rcc.c"
Invoking: MCU GCC Compiler
Finished building: ../StdPeriph_Driver/src/stm32f4xx_i2c.c
D:\Git\2019g\2019g_Launcher\Launcher\Debug
arm-none-eabi-gcc -mcpu=cortex-m4 -mthumb -mfloat-abi=hard -mfpu=fpv4-sp-d16 -DSTM32 -DSTM32F4 -DSTM32F405RGTx -DDEBUG -DSTM32F40XX -DSTM32F40_41xxx -DUSE_STDPERIPH_DRIVER -I"D:/Git/2019g/2019g_Launcher/Launcher/StdPeriph_Driver/inc" -I"D:/Git/2019g/2019g_Launcher/Launcher/inc" -I"D:/Git/2019g/2019g_Launcher/Launcher/CMSIS/device" -I"D:/Git/2019g/2019g_Launcher/Launcher/CMSIS/core" -O0 -g3 -Wall -fmessage-length=0 -ffunction-sections -c -MMD -MP -MF"StdPeriph_Driver/src/stm32f4xx_rng.d" -MT"StdPeriph_Driver/src/stm32f4xx_rng.o" -o "StdPeriph_Driver/src/stm32f4xx_rng.o" "../StdPeriph_Driver/src/stm32f4xx_rng.c"
 
Building file: ../StdPeriph_Driver/src/stm32f4xx_rtc.c
Finished building: ../StdPeriph_Driver/src/stm32f4xx_lptim.c
Finished building: ../StdPeriph_Driver/src/stm32f4xx_iwdg.c
Invoking: MCU GCC Compiler
 
 
D:\Git\2019g\2019g_Launcher\Launcher\Debug
Building file: ../StdPeriph_Driver/src/stm32f4xx_sai.c
arm-none-eabi-gcc -mcpu=cortex-m4 -mthumb -mfloat-abi=hard -mfpu=fpv4-sp-d16 -DSTM32 -DSTM32F4 -DSTM32F405RGTx -DDEBUG -DSTM32F40XX -DSTM32F40_41xxx -DUSE_STDPERIPH_DRIVER -I"D:/Git/2019g/2019g_Launcher/Launcher/StdPeriph_Driver/inc" -I"D:/Git/2019g/2019g_Launcher/Launcher/inc" -I"D:/Git/2019g/2019g_Launcher/Launcher/CMSIS/device" -I"D:/Git/2019g/2019g_Launcher/Launcher/CMSIS/core" -O0 -g3 -Wall -fmessage-length=0 -ffunction-sections -c -MMD -MP -MF"StdPeriph_Driver/src/stm32f4xx_rtc.d" -MT"StdPeriph_Driver/src/stm32f4xx_rtc.o" -o "StdPeriph_Driver/src/stm32f4xx_rtc.o" "../StdPeriph_Driver/src/stm32f4xx_rtc.c"
Building file: ../StdPeriph_Driver/src/stm32f4xx_sdio.c
Invoking: MCU GCC Compiler
Invoking: MCU GCC Compiler
D:\Git\2019g\2019g_Launcher\Launcher\Debug
arm-none-eabi-gcc -mcpu=cortex-m4 -mthumb -mfloat-abi=hard -mfpu=fpv4-sp-d16 -DSTM32 -DSTM32F4 -DSTM32F405RGTx -DDEBUG -DSTM32F40XX -DSTM32F40_41xxx -DUSE_STDPERIPH_DRIVER -I"D:/Git/2019g/2019g_Launcher/Launcher/StdPeriph_Driver/inc" -I"D:/Git/2019g/2019g_Launcher/Launcher/inc" -I"D:/Git/2019g/2019g_Launcher/Launcher/CMSIS/device" -I"D:/Git/2019g/2019g_Launcher/Launcher/CMSIS/core" -O0 -g3 -Wall -fmessage-length=0 -ffunction-sections -c -MMD -MP -MF"StdPeriph_Driver/src/stm32f4xx_sai.d" -MT"StdPeriph_Driver/src/stm32f4xx_sai.o" -o "StdPeriph_Driver/src/stm32f4xx_sai.o" "../StdPeriph_Driver/src/stm32f4xx_sai.c"
Finished building: ../StdPeriph_Driver/src/stm32f4xx_qspi.c
D:\Git\2019g\2019g_Launcher\Launcher\Debug
arm-none-eabi-gcc -mcpu=cortex-m4 -mthumb -mfloat-abi=hard -mfpu=fpv4-sp-d16 -DSTM32 -DSTM32F4 -DSTM32F405RGTx -DDEBUG -DSTM32F40XX -DSTM32F40_41xxx -DUSE_STDPERIPH_DRIVER -I"D:/Git/2019g/2019g_Launcher/Launcher/StdPeriph_Driver/inc" -I"D:/Git/2019g/2019g_Launcher/Launcher/inc" -I"D:/Git/2019g/2019g_Launcher/Launcher/CMSIS/device" -I"D:/Git/2019g/2019g_Launcher/Launcher/CMSIS/core" -O0 -g3 -Wall -fmessage-length=0 -ffunction-sections -c -MMD -MP -MF"StdPeriph_Driver/src/stm32f4xx_sdio.d" -MT"StdPeriph_Driver/src/stm32f4xx_sdio.o" -o "StdPeriph_Driver/src/stm32f4xx_sdio.o" "../StdPeriph_Driver/src/stm32f4xx_sdio.c"
Finished building: ../StdPeriph_Driver/src/stm32f4xx_ltdc.c
 
 
Finished building: ../StdPeriph_Driver/src/stm32f4xx_pwr.c
Building file: ../StdPeriph_Driver/src/stm32f4xx_spdifrx.c
Building file: ../StdPeriph_Driver/src/stm32f4xx_spi.c
 
Invoking: MCU GCC Compiler
Invoking: MCU GCC Compiler
Building file: ../StdPeriph_Driver/src/stm32f4xx_syscfg.c
D:\Git\2019g\2019g_Launcher\Launcher\Debug
D:\Git\2019g\2019g_Launcher\Launcher\Debug
arm-none-eabi-gcc -mcpu=cortex-m4 -mthumb -mfloat-abi=hard -mfpu=fpv4-sp-d16 -DSTM32 -DSTM32F4 -DSTM32F405RGTx -DDEBUG -DSTM32F40XX -DSTM32F40_41xxx -DUSE_STDPERIPH_DRIVER -I"D:/Git/2019g/2019g_Launcher/Launcher/StdPeriph_Driver/inc" -I"D:/Git/2019g/2019g_Launcher/Launcher/inc" -I"D:/Git/2019g/2019g_Launcher/Launcher/CMSIS/device" -I"D:/Git/2019g/2019g_Launcher/Launcher/CMSIS/core" -O0 -g3 -Wall -fmessage-length=0 -ffunction-sections -c -MMD -MP -MF"StdPeriph_Driver/src/stm32f4xx_spdifrx.d" -MT"StdPeriph_Driver/src/stm32f4xx_spdifrx.o" -o "StdPeriph_Driver/src/stm32f4xx_spdifrx.o" "../StdPeriph_Driver/src/stm32f4xx_spdifrx.c"
Invoking: MCU GCC Compiler
arm-none-eabi-gcc -mcpu=cortex-m4 -mthumb -mfloat-abi=hard -mfpu=fpv4-sp-d16 -DSTM32 -DSTM32F4 -DSTM32F405RGTx -DDEBUG -DSTM32F40XX -DSTM32F40_41xxx -DUSE_STDPERIPH_DRIVER -I"D:/Git/2019g/2019g_Launcher/Launcher/StdPeriph_Driver/inc" -I"D:/Git/2019g/2019g_Launcher/Launcher/inc" -I"D:/Git/2019g/2019g_Launcher/Launcher/CMSIS/device" -I"D:/Git/2019g/2019g_Launcher/Launcher/CMSIS/core" -O0 -g3 -Wall -fmessage-length=0 -ffunction-sections -c -MMD -MP -MF"StdPeriph_Driver/src/stm32f4xx_spi.d" -MT"StdPeriph_Driver/src/stm32f4xx_spi.o" -o "StdPeriph_Driver/src/stm32f4xx_spi.o" "../StdPeriph_Driver/src/stm32f4xx_spi.c"
D:\Git\2019g\2019g_Launcher\Launcher\Debug
arm-none-eabi-gcc -mcpu=cortex-m4 -mthumb -mfloat-abi=hard -mfpu=fpv4-sp-d16 -DSTM32 -DSTM32F4 -DSTM32F405RGTx -DDEBUG -DSTM32F40XX -DSTM32F40_41xxx -DUSE_STDPERIPH_DRIVER -I"D:/Git/2019g/2019g_Launcher/Launcher/StdPeriph_Driver/inc" -I"D:/Git/2019g/2019g_Launcher/Launcher/inc" -I"D:/Git/2019g/2019g_Launcher/Launcher/CMSIS/device" -I"D:/Git/2019g/2019g_Launcher/Launcher/CMSIS/core" -O0 -g3 -Wall -fmessage-length=0 -ffunction-sections -c -MMD -MP -MF"StdPeriph_Driver/src/stm32f4xx_syscfg.d" -MT"StdPeriph_Driver/src/stm32f4xx_syscfg.o" -o "StdPeriph_Driver/src/stm32f4xx_syscfg.o" "../StdPeriph_Driver/src/stm32f4xx_syscfg.c"
Finished building: ../StdPeriph_Driver/src/stm32f4xx_rng.c
Finished building: ../StdPeriph_Driver/src/stm32f4xx_rcc.c
 
 
Building file: ../StdPeriph_Driver/src/stm32f4xx_tim.c
Building file: ../StdPeriph_Driver/src/stm32f4xx_usart.c
Invoking: MCU GCC Compiler
Invoking: MCU GCC Compiler
D:\Git\2019g\2019g_Launcher\Launcher\Debug
D:\Git\2019g\2019g_Launcher\Launcher\Debug
arm-none-eabi-gcc -mcpu=cortex-m4 -mthumb -mfloat-abi=hard -mfpu=fpv4-sp-d16 -DSTM32 -DSTM32F4 -DSTM32F405RGTx -DDEBUG -DSTM32F40XX -DSTM32F40_41xxx -DUSE_STDPERIPH_DRIVER -I"D:/Git/2019g/2019g_Launcher/Launcher/StdPeriph_Driver/inc" -I"D:/Git/2019g/2019g_Launcher/Launcher/inc" -I"D:/Git/2019g/2019g_Launcher/Launcher/CMSIS/device" -I"D:/Git/2019g/2019g_Launcher/Launcher/CMSIS/core" -O0 -g3 -Wall -fmessage-length=0 -ffunction-sections -c -MMD -MP -MF"StdPeriph_Driver/src/stm32f4xx_usart.d" -MT"StdPeriph_Driver/src/stm32f4xx_usart.o" -o "StdPeriph_Driver/src/stm32f4xx_usart.o" "../StdPeriph_Driver/src/stm32f4xx_usart.c"
arm-none-eabi-gcc -mcpu=cortex-m4 -mthumb -mfloat-abi=hard -mfpu=fpv4-sp-d16 -DSTM32 -DSTM32F4 -DSTM32F405RGTx -DDEBUG -DSTM32F40XX -DSTM32F40_41xxx -DUSE_STDPERIPH_DRIVER -I"D:/Git/2019g/2019g_Launcher/Launcher/StdPeriph_Driver/inc" -I"D:/Git/2019g/2019g_Launcher/Launcher/inc" -I"D:/Git/2019g/2019g_Launcher/Launcher/CMSIS/device" -I"D:/Git/2019g/2019g_Launcher/Launcher/CMSIS/core" -O0 -g3 -Wall -fmessage-length=0 -ffunction-sections -c -MMD -MP -MF"StdPeriph_Driver/src/stm32f4xx_tim.d" -MT"StdPeriph_Driver/src/stm32f4xx_tim.o" -o "StdPeriph_Driver/src/stm32f4xx_tim.o" "../StdPeriph_Driver/src/stm32f4xx_tim.c"
Finished building: ../StdPeriph_Driver/src/stm32f4xx_sai.c
Finished building: ../StdPeriph_Driver/src/stm32f4xx_rtc.c
 
 
Finished building: ../StdPeriph_Driver/src/stm32f4xx_spdifrx.c
Building file: ../StdPeriph_Driver/src/stm32f4xx_wwdg.c
 
Invoking: MCU GCC Compiler
Finished building: ../StdPeriph_Driver/src/stm32f4xx_sdio.c
D:\Git\2019g\2019g_Launcher\Launcher\Debug
arm-none-eabi-gcc -mcpu=cortex-m4 -mthumb -mfloat-abi=hard -mfpu=fpv4-sp-d16 -DSTM32 -DSTM32F4 -DSTM32F405RGTx -DDEBUG -DSTM32F40XX -DSTM32F40_41xxx -DUSE_STDPERIPH_DRIVER -I"D:/Git/2019g/2019g_Launcher/Launcher/StdPeriph_Driver/inc" -I"D:/Git/2019g/2019g_Launcher/Launcher/inc" -I"D:/Git/2019g/2019g_Launcher/Launcher/CMSIS/device" -I"D:/Git/2019g/2019g_Launcher/Launcher/CMSIS/core" -O0 -g3 -Wall -fmessage-length=0 -ffunction-sections -c -MMD -MP -MF"StdPeriph_Driver/src/stm32f4xx_wwdg.d" -MT"StdPeriph_Driver/src/stm32f4xx_wwdg.o" -o "StdPeriph_Driver/src/stm32f4xx_wwdg.o" "../StdPeriph_Driver/src/stm32f4xx_wwdg.c"
 
Finished building: ../StdPeriph_Driver/src/stm32f4xx_syscfg.c
Finished building: ../StdPeriph_Driver/src/stm32f4xx_spi.c
 
 
Finished building: ../StdPeriph_Driver/src/stm32f4xx_usart.c
 
Finished building: ../StdPeriph_Driver/src/stm32f4xx_wwdg.c
 
Finished building: ../StdPeriph_Driver/src/stm32f4xx_tim.c
 
Building target: Launcher.elf
Invoking: MCU G++ Linker
arm-none-eabi-g++ -mcpu=cortex-m4 -mthumb -mfloat-abi=hard -mfpu=fpv4-sp-d16 -T"D:/Git/2019g/2019g_Launcher/Launcher/LinkerScript.ld" -Wl,-Map=output.map -Wl,--gc-sections -fno-exceptions -fno-rtti -o "Launcher.elf" @"objects.list"   -lm
Finished building target: Launcher.elf
 
C:/Ac6/SystemWorkbench/plugins/fr.ac6.mcu.externaltools.arm-none.win32_1.16.0.201807130628/tools/make/make --no-print-directory post-build
Generating binary and Printing size information:
arm-none-eabi-objcopy -O binary "Launcher.elf" "Launcher.bin"
arm-none-eabi-size "Launcher.elf"
   text	   data	    bss	    dec	    hex	filename
   1320	   1080	   1092	   3492	    da4	Launcher.elf
 
