02:37:48 **** Incremental Build of configuration Debug for project Launcher ****
make -j8 all 
Building file: ../src/mySources/move_angle.cpp
Building file: ../src/mySources/sequence.cpp
Building file: ../src/main.cpp
Invoking: MCU G++ Compiler
Invoking: MCU G++ Compiler
Invoking: MCU G++ Compiler
C:\Users\SotaKobayashi\Google ドライブ\user\Git\2019g\2019g_Launcher\Launcher\Debug
C:\Users\SotaKobayashi\Google ドライブ\user\Git\2019g\2019g_Launcher\Launcher\Debug
arm-none-eabi-g++ -mcpu=cortex-m4 -mthumb -mfloat-abi=hard -mfpu=fpv4-sp-d16 -std=c++2a -DSTM32 -DSTM32F4 -DSTM32F405RGTx -DDEBUG -DSTM32F40XX -DSTM32F40_41xxx -DUSE_STDPERIPH_DRIVER -I"C:/Users/SotaKobayashi/Google ドライブ/user/Git/2019g/2019g_Launcher/Launcher/StdPeriph_Driver/inc" -I"C:/Users/SotaKobayashi/Google ドライブ/user/Git/2019g/2019g_Launcher/Launcher/inc" -I"C:/Users/SotaKobayashi/Google ドライブ/user/Git/2019g/2019g_Launcher/Launcher/CMSIS/device" -I"C:/Users/SotaKobayashi/Google ドライブ/user/Git/2019g/2019g_Launcher/Launcher/CMSIS/core" -I"C:/Users/SotaKobayashi/Google ドライブ/user/Git/2019g/2019g_Launcher/Launcher/inc/myHeaders" -I"C:/Users/SotaKobayashi/Google ドライブ/user/Git/Libraries/inc" -O0 -g3 -Wall -fmessage-length=0 -ffunction-sections -c -fno-exceptions -fno-rtti -MMD -MP -MF"src/mySources/move_angle.d" -MT"src/mySources/move_angle.o" -o "src/mySources/move_angle.o" "../src/mySources/move_angle.cpp"
C:\Users\SotaKobayashi\Google ドライブ\user\Git\2019g\2019g_Launcher\Launcher\Debug
arm-none-eabi-g++ -mcpu=cortex-m4 -mthumb -mfloat-abi=hard -mfpu=fpv4-sp-d16 -std=c++2a -DSTM32 -DSTM32F4 -DSTM32F405RGTx -DDEBUG -DSTM32F40XX -DSTM32F40_41xxx -DUSE_STDPERIPH_DRIVER -I"C:/Users/SotaKobayashi/Google ドライブ/user/Git/2019g/2019g_Launcher/Launcher/StdPeriph_Driver/inc" -I"C:/Users/SotaKobayashi/Google ドライブ/user/Git/2019g/2019g_Launcher/Launcher/inc" -I"C:/Users/SotaKobayashi/Google ドライブ/user/Git/2019g/2019g_Launcher/Launcher/CMSIS/device" -I"C:/Users/SotaKobayashi/Google ドライブ/user/Git/2019g/2019g_Launcher/Launcher/CMSIS/core" -I"C:/Users/SotaKobayashi/Google ドライブ/user/Git/2019g/2019g_Launcher/Launcher/inc/myHeaders" -I"C:/Users/SotaKobayashi/Google ドライブ/user/Git/Libraries/inc" -O0 -g3 -Wall -fmessage-length=0 -ffunction-sections -c -fno-exceptions -fno-rtti -MMD -MP -MF"src/mySources/sequence.d" -MT"src/mySources/sequence.o" -o "src/mySources/sequence.o" "../src/mySources/sequence.cpp"
arm-none-eabi-g++ -mcpu=cortex-m4 -mthumb -mfloat-abi=hard -mfpu=fpv4-sp-d16 -std=c++2a -DSTM32 -DSTM32F4 -DSTM32F405RGTx -DDEBUG -DSTM32F40XX -DSTM32F40_41xxx -DUSE_STDPERIPH_DRIVER -I"C:/Users/SotaKobayashi/Google ドライブ/user/Git/2019g/2019g_Launcher/Launcher/StdPeriph_Driver/inc" -I"C:/Users/SotaKobayashi/Google ドライブ/user/Git/2019g/2019g_Launcher/Launcher/inc" -I"C:/Users/SotaKobayashi/Google ドライブ/user/Git/2019g/2019g_Launcher/Launcher/CMSIS/device" -I"C:/Users/SotaKobayashi/Google ドライブ/user/Git/2019g/2019g_Launcher/Launcher/CMSIS/core" -I"C:/Users/SotaKobayashi/Google ドライブ/user/Git/2019g/2019g_Launcher/Launcher/inc/myHeaders" -I"C:/Users/SotaKobayashi/Google ドライブ/user/Git/Libraries/inc" -O0 -g3 -Wall -fmessage-length=0 -ffunction-sections -c -fno-exceptions -fno-rtti -MMD -MP -MF"src/main.d" -MT"src/main.o" -o "src/main.o" "../src/main.cpp"
In file included from C:/Users/SotaKobayashi/Google ドライブ/user/Git/2019g/2019g_Launcher/Launcher/inc/myHeaders/sequence.hpp:11,
                 from ../src/mySources/sequence.cpp:8:
C:/Users/SotaKobayashi/Google ドライブ/user/Git/2019g/2019g_Launcher/Launcher/CMSIS/device/stm32f4xx.h:108: warning: "STM32F40_41xxx" redefined
   #define STM32F40_41xxx
 
<command-line>: note: this is the location of the previous definition
In file included from ../src/main.cpp:18:
C:/Users/SotaKobayashi/Google ドライブ/user/Git/2019g/2019g_Launcher/Launcher/CMSIS/device/stm32f4xx.h:108: warning: "STM32F40_41xxx" redefined
   #define STM32F40_41xxx
 
<command-line>: note: this is the location of the previous definition
In file included from C:/Users/SotaKobayashi/Google ドライブ/user/Git/2019g/2019g_Launcher/Launcher/inc/myHeaders/move_angle.hpp:13,
                 from ../src/mySources/move_angle.cpp:7:
C:/Users/SotaKobayashi/Google ドライブ/user/Git/2019g/2019g_Launcher/Launcher/CMSIS/device/stm32f4xx.h:108: warning: "STM32F40_41xxx" redefined
   #define STM32F40_41xxx
 
<command-line>: note: this is the location of the previous definition
In file included from C:/Users/SotaKobayashi/Google ドライブ/user/Git/2019g/2019g_Launcher/Launcher/CMSIS/core/core_cm4.h:189,
                 from C:/Users/SotaKobayashi/Google ドライブ/user/Git/2019g/2019g_Launcher/Launcher/CMSIS/device/stm32f4xx.h:817,
                 from C:/Users/SotaKobayashi/Google ドライブ/user/Git/2019g/2019g_Launcher/Launcher/inc/myHeaders/sequence.hpp:11,
                 from ../src/mySources/sequence.cpp:8:
C:/Users/SotaKobayashi/Google ドライブ/user/Git/2019g/2019g_Launcher/Launcher/CMSIS/core/core_cmFunc.h: In function 'uint32_t __get_PSP()':
C:/Users/SotaKobayashi/Google ドライブ/user/Git/2019g/2019g_Launcher/Launcher/CMSIS/core/core_cmFunc.h:428:21: warning: ISO C++17 does not allow 'register' storage class specifier [-Wregister]
   register uint32_t result;
                     ^~~~~~
C:/Users/SotaKobayashi/Google ドライブ/user/Git/2019g/2019g_Launcher/Launcher/CMSIS/core/core_cmFunc.h: In function 'uint32_t __get_MSP()':
C:/Users/SotaKobayashi/Google ドライブ/user/Git/2019g/2019g_Launcher/Launcher/CMSIS/core/core_cmFunc.h:455:21: warning: ISO C++17 does not allow 'register' storage class specifier [-Wregister]
   register uint32_t result;
                     ^~~~~~
In file included from C:/Users/SotaKobayashi/Google ドライブ/user/Git/2019g/2019g_Launcher/Launcher/CMSIS/core/core_cm4.h:189,
                 from C:/Users/SotaKobayashi/Google ドライブ/user/Git/2019g/2019g_Launcher/Launcher/CMSIS/device/stm32f4xx.h:817,
                 from ../src/main.cpp:18:
C:/Users/SotaKobayashi/Google ドライブ/user/Git/2019g/2019g_Launcher/Launcher/CMSIS/core/core_cmFunc.h: In function 'uint32_t __get_PSP()':
C:/Users/SotaKobayashi/Google ドライブ/user/Git/2019g/2019g_Launcher/Launcher/CMSIS/core/core_cmFunc.h:428:21: warning: ISO C++17 does not allow 'register' storage class specifier [-Wregister]
   register uint32_t result;
                     ^~~~~~
C:/Users/SotaKobayashi/Google ドライブ/user/Git/2019g/2019g_Launcher/Launcher/CMSIS/core/core_cmFunc.h: In function 'uint32_t __get_MSP()':
C:/Users/SotaKobayashi/Google ドライブ/user/Git/2019g/2019g_Launcher/Launcher/CMSIS/core/core_cmFunc.h:455:21: warning: ISO C++17 does not allow 'register' storage class specifier [-Wregister]
   register uint32_t result;
                     ^~~~~~
In file included from C:/Users/SotaKobayashi/Google ドライブ/user/Git/2019g/2019g_Launcher/Launcher/CMSIS/core/core_cm4.h:189,
                 from C:/Users/SotaKobayashi/Google ドライブ/user/Git/2019g/2019g_Launcher/Launcher/CMSIS/device/stm32f4xx.h:817,
                 from C:/Users/SotaKobayashi/Google ドライブ/user/Git/2019g/2019g_Launcher/Launcher/inc/myHeaders/move_angle.hpp:13,
                 from ../src/mySources/move_angle.cpp:7:
C:/Users/SotaKobayashi/Google ドライブ/user/Git/2019g/2019g_Launcher/Launcher/CMSIS/core/core_cmFunc.h: In function 'uint32_t __get_PSP()':
C:/Users/SotaKobayashi/Google ドライブ/user/Git/2019g/2019g_Launcher/Launcher/CMSIS/core/core_cmFunc.h:428:21: warning: ISO C++17 does not allow 'register' storage class specifier [-Wregister]
   register uint32_t result;
                     ^~~~~~
C:/Users/SotaKobayashi/Google ドライブ/user/Git/2019g/2019g_Launcher/Launcher/CMSIS/core/core_cmFunc.h: In function 'uint32_t __get_MSP()':
C:/Users/SotaKobayashi/Google ドライブ/user/Git/2019g/2019g_Launcher/Launcher/CMSIS/core/core_cmFunc.h:455:21: warning: ISO C++17 does not allow 'register' storage class specifier [-Wregister]
   register uint32_t result;
                     ^~~~~~
Finished building: ../src/mySources/move_angle.cpp
 
Finished building: ../src/mySources/sequence.cpp
 
Finished building: ../src/main.cpp
 
Building target: Launcher.elf
Invoking: MCU G++ Linker
arm-none-eabi-g++ -mcpu=cortex-m4 -mthumb -mfloat-abi=hard -mfpu=fpv4-sp-d16 -Xlinker -print-memory-usage -T"C:/Users/SotaKobayashi/Google ドライブ/user/Git/2019g/2019g_Launcher/Launcher/LinkerScript.ld" -Wl,-Map=output.map -Wl,--gc-sections -fno-exceptions -fno-rtti -o "Launcher.elf" @"objects.list"   -lm
Memory region         Used Size  Region Size  %age Used
             RAM:        3864 B       128 KB      2.95%
             ROM:      118396 B         1 MB     11.29%
Finished building target: Launcher.elf
 
make --no-print-directory post-build
Generating binary and Printing size information:
arm-none-eabi-objcopy -O binary "Launcher.elf" "Launcher.bin"
arm-none-eabi-size "Launcher.elf"
   text	   data	    bss	    dec	    hex	filename
 115840	   2532	   1360	 119732	  1d3b4	Launcher.elf
 

02:37:54 Build Finished (took 5s.751ms)

